
Allocating common symbols
Common symbol       size              file

idt_ptr             0x6               kernel/global.o
inode_table         0x1000            kernel/global.o
task_stack          0x38000           kernel/global.o
k_reenter           0x4               kernel/global.o
gdt                 0x400             kernel/global.o
current_console     0x4               kernel/global.o
pcaller             0x4               kernel/global.o
tty_table           0xc6c             kernel/global.o
tss                 0x68              kernel/global.o
fs_msg              0x30              kernel/global.o
f_desc_table        0x300             kernel/global.o
root_inode          0x4               kernel/global.o
disp_pos            0x4               kernel/global.o
key_pressed         0x4               kernel/global.o
gdt_ptr             0x6               kernel/global.o
idt                 0x800             kernel/global.o
super_block         0x220             kernel/global.o
PARTITION_ENTRY     0x10              kernel/hd.o
ticks               0x4               kernel/global.o
console_table       0x3c              kernel/global.o
irq_table           0x40              kernel/global.o
p_proc_ready        0x4               kernel/global.o
proc_table          0xafe             kernel/global.o

Discarded input sections

 .note.GNU-stack
                0x0000000000000000        0x0 kernel/start.o
 .note.GNU-stack
                0x0000000000000000        0x0 kernel/main.o
 .note.GNU-stack
                0x0000000000000000        0x0 kernel/clock.o
 .note.GNU-stack
                0x0000000000000000        0x0 kernel/keyboard.o
 .note.GNU-stack
                0x0000000000000000        0x0 kernel/tty.o
 .note.GNU-stack
                0x0000000000000000        0x0 kernel/console.o
 .note.GNU-stack
                0x0000000000000000        0x0 kernel/i8259.o
 .note.GNU-stack
                0x0000000000000000        0x0 kernel/global.o
 .note.GNU-stack
                0x0000000000000000        0x0 kernel/protect.o
 .note.GNU-stack
                0x0000000000000000        0x0 kernel/proc.o
 .note.GNU-stack
                0x0000000000000000        0x0 kernel/systask.o
 .note.GNU-stack
                0x0000000000000000        0x0 kernel/hd.o
 .note.GNU-stack
                0x0000000000000000        0x0 lib/printf.o
 .note.GNU-stack
                0x0000000000000000        0x0 lib/vsprintf.o
 .note.GNU-stack
                0x0000000000000000        0x0 lib/klib.o
 .note.GNU-stack
                0x0000000000000000        0x0 lib/misc.o
 .note.GNU-stack
                0x0000000000000000        0x0 lib/open.o
 .note.GNU-stack
                0x0000000000000000        0x0 lib/read.o
 .note.GNU-stack
                0x0000000000000000        0x0 lib/write.o
 .note.GNU-stack
                0x0000000000000000        0x0 lib/close.o
 .note.GNU-stack
                0x0000000000000000        0x0 lib/unlink.o
 .note.GNU-stack
                0x0000000000000000        0x0 lib/getpid.o
 .note.GNU-stack
                0x0000000000000000        0x0 lib/syslog.o
 .note.GNU-stack
                0x0000000000000000        0x0 lib/changeType.o
 .note.GNU-stack
                0x0000000000000000        0x0 lib/move.o
 .note.GNU-stack
                0x0000000000000000        0x0 lib/showPro.o
 .note.GNU-stack
                0x0000000000000000        0x0 lib/fs_check.o
 .note.GNU-stack
                0x0000000000000000        0x0 lib/getPath.o
 .note.GNU-stack
                0x0000000000000000        0x0 lib/search.o
 .note.GNU-stack
                0x0000000000000000        0x0 lib/rename.o
 .note.GNU-stack
                0x0000000000000000        0x0 fs/main.o
 .note.GNU-stack
                0x0000000000000000        0x0 fs/open.o
 .note.GNU-stack
                0x0000000000000000        0x0 fs/misc.o
 .note.GNU-stack
                0x0000000000000000        0x0 fs/read_write.o
 .note.GNU-stack
                0x0000000000000000        0x0 fs/link.o
 .note.GNU-stack
                0x0000000000000000        0x0 fs/disklog.o
 .note.GNU-stack
                0x0000000000000000        0x0 fs/entry.o
 .note.GNU-stack
                0x0000000000000000        0x0 fs/time.o
 .note.GNU-stack
                0x0000000000000000        0x0 fs/check.o
 .note.GNU-stack
                0x0000000000000000        0x0 fs/path.o

Memory Configuration

Name             Origin             Length             Attributes
*default*        0x0000000000000000 0xffffffffffffffff

Linker script and memory map

Address of section .text set to 0x1000
LOAD kernel/kernel.o
LOAD lib/syscall.o
LOAD kernel/start.o
LOAD kernel/main.o
LOAD kernel/clock.o
LOAD kernel/keyboard.o
LOAD kernel/tty.o
LOAD kernel/console.o
LOAD kernel/i8259.o
LOAD kernel/global.o
LOAD kernel/protect.o
LOAD kernel/proc.o
LOAD kernel/systask.o
LOAD kernel/hd.o
LOAD lib/printf.o
LOAD lib/vsprintf.o
LOAD lib/kliba.o
LOAD lib/klib.o
LOAD lib/string.o
LOAD lib/misc.o
LOAD lib/open.o
LOAD lib/read.o
LOAD lib/write.o
LOAD lib/close.o
LOAD lib/unlink.o
LOAD lib/getpid.o
LOAD lib/syslog.o
LOAD lib/changeType.o
LOAD lib/move.o
LOAD lib/showPro.o
LOAD lib/fs_check.o
LOAD lib/getPath.o
LOAD lib/search.o
LOAD lib/rename.o
LOAD fs/main.o
LOAD fs/open.o
LOAD fs/misc.o
LOAD fs/read_write.o
LOAD fs/link.o
LOAD fs/disklog.o
LOAD fs/entry.o
LOAD fs/time.o
LOAD fs/check.o
LOAD fs/path.o
                [!provide]                        PROVIDE (__executable_start, 0x8048000)
                0x0000000008048094                . = (0x8048000 + SIZEOF_HEADERS)

.interp
 *(.interp)

.note.gnu.build-id
 *(.note.gnu.build-id)

.hash
 *(.hash)

.gnu.hash
 *(.gnu.hash)

.dynsym
 *(.dynsym)

.dynstr
 *(.dynstr)

.gnu.version
 *(.gnu.version)

.gnu.version_d
 *(.gnu.version_d)

.gnu.version_r
 *(.gnu.version_r)

.rel.dyn        0x0000000008048094        0x0
 *(.rel.init)
 *(.rel.text .rel.text.* .rel.gnu.linkonce.t.*)
 .rel.text      0x0000000008048094        0x0 kernel/kernel.o
 *(.rel.fini)
 *(.rel.rodata .rel.rodata.* .rel.gnu.linkonce.r.*)
 *(.rel.data.rel.ro .rel.data.rel.ro.* .rel.gnu.linkonce.d.rel.ro.*)
 *(.rel.data .rel.data.* .rel.gnu.linkonce.d.*)
 .rel.data      0x0000000008048094        0x0 kernel/kernel.o
 *(.rel.tdata .rel.tdata.* .rel.gnu.linkonce.td.*)
 *(.rel.tbss .rel.tbss.* .rel.gnu.linkonce.tb.*)
 *(.rel.ctors)
 *(.rel.dtors)
 *(.rel.got)
 *(.rel.bss .rel.bss.* .rel.gnu.linkonce.b.*)
 *(.rel.ifunc)

.rel.plt        0x0000000008048094        0x0
 *(.rel.plt)
                [!provide]                        PROVIDE (__rel_iplt_start, .)
 *(.rel.iplt)
 .rel.iplt      0x0000000008048094        0x0 kernel/kernel.o
                [!provide]                        PROVIDE (__rel_iplt_end, .)

.init
 *(SORT(.init))

.plt            0x00000000080480a0        0x0
 *(.plt)
 *(.iplt)
 .iplt          0x00000000080480a0        0x0 kernel/kernel.o

.plt.got
 *(.plt.got)

.text           0x0000000000001000     0xc086
 *(.text.unlikely .text.*_unlikely .text.unlikely.*)
 *(.text.exit .text.exit.*)
 *(.text.startup .text.startup.*)
 *(.text.hot .text.hot.*)
 *(.text .stub .text.* .gnu.linkonce.t.*)
 .text          0x0000000000001000      0x410 kernel/kernel.o
                0x0000000000001000                _start
                0x0000000000001040                hwint00
                0x0000000000001070                hwint01
                0x00000000000010a0                hwint02
                0x00000000000010d0                hwint03
                0x0000000000001100                hwint04
                0x0000000000001130                hwint05
                0x0000000000001160                hwint06
                0x0000000000001190                hwint07
                0x00000000000011c0                hwint08
                0x00000000000011f0                hwint09
                0x0000000000001220                hwint10
                0x0000000000001250                hwint11
                0x0000000000001280                hwint12
                0x00000000000012b0                hwint13
                0x00000000000012e0                hwint14
                0x0000000000001310                hwint15
                0x0000000000001334                divide_error
                0x000000000000133a                single_step_exception
                0x0000000000001340                nmi
                0x0000000000001346                breakpoint_exception
                0x000000000000134c                overflow
                0x0000000000001352                bounds_check
                0x0000000000001358                inval_opcode
                0x000000000000135e                copr_not_available
                0x0000000000001364                double_fault
                0x0000000000001368                copr_seg_overrun
                0x000000000000136e                inval_tss
                0x0000000000001372                segment_not_present
                0x0000000000001376                stack_exception
                0x000000000000137a                general_protection
                0x000000000000137e                page_fault
                0x0000000000001382                copr_error
                0x00000000000013cb                sys_call
                0x00000000000013eb                restart
 .text          0x0000000000001410       0x28 lib/syscall.o
                0x0000000000001410                sendrec
                0x000000000000142a                printx
 .text          0x0000000000001438       0x95 kernel/start.o
                0x0000000000001438                cstart
 .text          0x00000000000014cd      0x901 kernel/main.o
                0x00000000000014cd                kernel_main
                0x000000000000174a                get_ticks
                0x000000000000177e                TestA
                0x0000000000001c57                TestB
                0x0000000000001d6c                TestC
                0x0000000000001d85                panic
 .text          0x0000000000001dce      0x10d kernel/clock.o
                0x0000000000001dce                clock_handler
                0x0000000000001e49                milli_delay
                0x0000000000001e83                init_clock
 .text          0x0000000000001edb      0x6da kernel/keyboard.o
                0x0000000000001edb                keyboard_handler
                0x0000000000001f45                init_keyboard
                0x0000000000001ff4                keyboard_read
 .text          0x00000000000025b5      0x9c0 kernel/tty.o
                0x00000000000025b5                task_tty
                0x0000000000002765                in_process
                0x0000000000002c76                sys_printx
                0x0000000000002e14                dump_tty_buf
 .text          0x0000000000002f75      0x7d7 kernel/console.o
                0x0000000000002f75                init_screen
                0x00000000000030e9                out_char
                0x00000000000033c6                is_current_console
                0x00000000000034b9                select_console
                0x00000000000034f9                scroll_screen
 .text          0x000000000000374c      0x130 kernel/i8259.o
                0x000000000000374c                init_8259A
                0x0000000000003821                spurious_irq
                0x0000000000003858                put_irq_handler
 .text          0x000000000000387c        0x0 kernel/global.o
 .text          0x000000000000387c      0x614 kernel/protect.o
                0x000000000000387c                init_prot
                0x0000000000003c99                seg2phys
                0x0000000000003d55                exception_handler
 .text          0x0000000000003e90     0x16d7 kernel/proc.o
                0x0000000000003e90                schedule
                0x0000000000003f1c                sys_sendrec
                0x000000000000403b                send_recv
                0x00000000000040f8                ldt_seg_linear
                0x0000000000004142                va2la
                0x00000000000041a3                reset_msg
                0x0000000000004f7c                inform_int
                0x00000000000050ec                dump_proc
                0x000000000000545a                dump_msg
 .text          0x0000000000005567       0x82 kernel/systask.o
                0x0000000000005567                task_sys
 .text          0x00000000000055e9      0xe1f kernel/hd.o
                0x00000000000055e9                task_hd
                0x00000000000063dd                hd_handler
 .text          0x0000000000006408       0xad lib/printf.o
                0x0000000000006408                printf
                0x0000000000006473                printl
 .text          0x00000000000064b5      0x305 lib/vsprintf.o
                0x0000000000006513                vsprintf
                0x0000000000006794                sprintf
 *fill*         0x00000000000067ba        0x6 
 .text          0x00000000000067c0      0x19a lib/kliba.o
                0x00000000000067c0                disp_str
                0x00000000000067fe                disp_color_str
                0x000000000000683d                out_byte
                0x0000000000006849                in_byte
                0x0000000000006853                port_read
                0x0000000000006866                port_write
                0x0000000000006879                disable_irq
                0x00000000000068ae                enable_irq
                0x00000000000068cd                disable_int
                0x00000000000068cf                enable_int
                0x00000000000068d1                glitter
 .text          0x000000000000695a      0x119 lib/klib.o
                0x000000000000695a                itoa
                0x0000000000006a05                disp_int
                0x0000000000006a2c                delay
 *fill*         0x0000000000006a73        0xd 
 .text          0x0000000000006a80       0x78 lib/string.o
                0x0000000000006a80                memcpy
                0x0000000000006aa9                memset
                0x0000000000006aca                strcpy
                0x0000000000006ae2                strlen
 .text          0x0000000000006af8      0x19c lib/misc.o
                0x0000000000006af8                memcmp
                0x0000000000006b6e                strcmp
                0x0000000000006be1                strcat
                0x0000000000006c40                spin
                0x0000000000006c5b                assertion_failure
 .text          0x0000000000006c94       0x63 lib/open.o
                0x0000000000006c94                open
 .text          0x0000000000006cf7       0x37 lib/read.o
                0x0000000000006cf7                read
 .text          0x0000000000006d2e       0x37 lib/write.o
                0x0000000000006d2e                write
 .text          0x0000000000006d65       0x2b lib/close.o
                0x0000000000006d65                close
 .text          0x0000000000006d90       0x3c lib/unlink.o
                0x0000000000006d90                unlink
 .text          0x0000000000006dcc       0x46 lib/getpid.o
                0x0000000000006dcc                getpid
 .text          0x0000000000006e12       0xd1 lib/syslog.o
                0x0000000000006e12                syslog
 .text          0x0000000000006ee3       0x31 lib/changeType.o
                0x0000000000006ee3                changeType
 .text          0x0000000000006f14       0x31 lib/move.o
                0x0000000000006f14                move
 .text          0x0000000000006f45       0x2b lib/showPro.o
                0x0000000000006f45                showPro
 .text          0x0000000000006f70       0x2b lib/fs_check.o
                0x0000000000006f70                fs_check
 .text          0x0000000000006f9b       0x3d lib/getPath.o
                0x0000000000006f9b                getPath
 .text          0x0000000000006fd8       0x3d lib/search.o
                0x0000000000006fd8                search
 .text          0x0000000000007015       0x42 lib/rename.o
                0x0000000000007015                rename
 .text          0x0000000000007057      0xe89 fs/main.o
                0x0000000000007057                task_fs
                0x00000000000079a0                rw_sector
                0x0000000000007b9a                get_super_block
                0x0000000000007be0                get_inode
                0x0000000000007d73                put_inode
                0x0000000000007db1                sync_inode
 .text          0x0000000000007ee0      0xc99 fs/open.o
                0x0000000000007ee0                do_open
                0x000000000000836c                do_close
                0x00000000000084e5                do_lseek
 .text          0x0000000000008b79      0x50d fs/misc.o
                0x0000000000008b79                search_file
                0x0000000000008dd8                strip_path
                0x0000000000008f8b                search_inode
 .text          0x0000000000009086      0x4dd fs/read_write.o
                0x0000000000009086                do_rdwt
 .text          0x0000000000009563      0x867 fs/link.o
                0x0000000000009563                do_unlink
 .text          0x0000000000009dca     0x1444 fs/disklog.o
                0x0000000000009dca                do_disklog
                0x0000000000009e65                disklog
                0x000000000000a340                dump_fd_graph
 .text          0x000000000000b20e      0x74d fs/entry.o
                0x000000000000b20e                do_move
                0x000000000000b3dc                do_changeType
                0x000000000000b63b                move_relat
                0x000000000000b691                delete_relat
                0x000000000000b7f7                make_relat
 .text          0x000000000000b95b      0x8c2 fs/time.o
                0x000000000000b95b                do_showPro
                0x000000000000bd06                get_time
 .text          0x000000000000c21d      0x5e3 fs/check.o
                0x000000000000c21d                do_check
                0x000000000000c48a                check_relat
                0x000000000000c621                check_child
                0x000000000000c74d                check_path
 .text          0x000000000000c800      0x886 fs/path.o
                0x000000000000c800                do_getPath
                0x000000000000c944                do_search
                0x000000000000cb0b                do_rename
 *(.gnu.warning)

.fini
 *(SORT(.fini))
                [!provide]                        PROVIDE (__etext, .)
                [!provide]                        PROVIDE (_etext, .)
                [!provide]                        PROVIDE (etext, .)

.rodata         0x000000000000d0a0     0x242f
 *(.rodata .rodata.* .gnu.linkonce.r.*)
 .rodata        0x000000000000d0a0       0x47 kernel/start.o
 *fill*         0x000000000000d0e7        0x1 
 .rodata        0x000000000000d0e8      0x1d6 kernel/main.o
 *fill*         0x000000000000d2be        0x2 
 .rodata        0x000000000000d2c0       0x64 kernel/keyboard.o
 .rodata        0x000000000000d324      0x13c kernel/tty.o
 .rodata        0x000000000000d460       0x5b kernel/console.o
 .rodata        0x000000000000d4bb       0x11 kernel/i8259.o
 .rodata        0x000000000000d4cc        0x4 kernel/global.o
                0x000000000000d4cc                FSBUF_SIZE
 *fill*         0x000000000000d4d0       0x10 
 .rodata        0x000000000000d4e0      0x540 kernel/protect.o
 .rodata        0x000000000000da20      0x62e kernel/proc.o
 .rodata        0x000000000000e04e       0x11 kernel/systask.o
 *fill*         0x000000000000e05f        0x1 
 .rodata        0x000000000000e060      0x1ba kernel/hd.o
 .rodata        0x000000000000e21a       0x14 lib/printf.o
 *fill*         0x000000000000e22e        0x2 
 .rodata        0x000000000000e230       0x61 lib/misc.o
 .rodata        0x000000000000e291       0x23 lib/open.o
 .rodata        0x000000000000e2b4       0x25 lib/getpid.o
 .rodata        0x000000000000e2d9       0x32 lib/syslog.o
 *fill*         0x000000000000e30b        0x1 
 .rodata        0x000000000000e30c      0x24a fs/main.o
 *fill*         0x000000000000e556        0x2 
 .rodata        0x000000000000e558      0x14c fs/open.o
 .rodata        0x000000000000e6a4      0x164 fs/read_write.o
 .rodata        0x000000000000e808      0x1dd fs/link.o
 *fill*         0x000000000000e9e5        0x3 
 .rodata        0x000000000000e9e8      0x627 fs/disklog.o
 *fill*         0x000000000000f00f        0x1 
 .rodata        0x000000000000f010      0x196 fs/entry.o
 *fill*         0x000000000000f1a6        0x2 
 .rodata        0x000000000000f1a8      0x1cb fs/time.o
 *fill*         0x000000000000f373        0x1 
 .rodata        0x000000000000f374       0xa3 fs/check.o
 *fill*         0x000000000000f417        0x1 
 .rodata        0x000000000000f418       0xb7 fs/path.o

.rodata1
 *(.rodata1)

.eh_frame_hdr
 *(.eh_frame_hdr)
 *(.eh_frame_entry .eh_frame_entry.*)

.eh_frame       0x000000000000f4d0     0x12d4
 *(.eh_frame)
 .eh_frame      0x000000000000f4d0       0x38 kernel/start.o
 .eh_frame      0x000000000000f508       0xbc kernel/main.o
                                         0xd4 (size before relaxing)
 .eh_frame      0x000000000000f5c4       0x60 kernel/clock.o
                                         0x78 (size before relaxing)
 .eh_frame      0x000000000000f624       0xe0 kernel/keyboard.o
                                         0xf8 (size before relaxing)
 .eh_frame      0x000000000000f704      0x13c kernel/tty.o
                                        0x154 (size before relaxing)
 .eh_frame      0x000000000000f840      0x144 kernel/console.o
                                        0x15c (size before relaxing)
 .eh_frame      0x000000000000f984       0x60 kernel/i8259.o
                                         0x78 (size before relaxing)
 .eh_frame      0x000000000000f9e4       0xb0 kernel/protect.o
                                         0xc8 (size before relaxing)
 .eh_frame      0x000000000000fa94      0x1d8 kernel/proc.o
                                        0x1f0 (size before relaxing)
 .eh_frame      0x000000000000fc6c       0x1c kernel/systask.o
                                         0x34 (size before relaxing)
 .eh_frame      0x000000000000fc88      0x1f0 kernel/hd.o
                                        0x208 (size before relaxing)
 .eh_frame      0x000000000000fe78       0x40 lib/printf.o
                                         0x58 (size before relaxing)
 .eh_frame      0x000000000000feb8       0x60 lib/vsprintf.o
                                         0x78 (size before relaxing)
 .eh_frame      0x000000000000ff18       0x60 lib/klib.o
                                         0x78 (size before relaxing)
 .eh_frame      0x000000000000ff78       0x9c lib/misc.o
                                         0xb4 (size before relaxing)
 .eh_frame      0x0000000000010014       0x20 lib/open.o
                                         0x38 (size before relaxing)
 .eh_frame      0x0000000000010034       0x20 lib/read.o
                                         0x38 (size before relaxing)
 .eh_frame      0x0000000000010054       0x20 lib/write.o
                                         0x38 (size before relaxing)
 .eh_frame      0x0000000000010074       0x20 lib/close.o
                                         0x38 (size before relaxing)
 .eh_frame      0x0000000000010094       0x20 lib/unlink.o
                                         0x38 (size before relaxing)
 .eh_frame      0x00000000000100b4       0x20 lib/getpid.o
                                         0x38 (size before relaxing)
 .eh_frame      0x00000000000100d4       0x20 lib/syslog.o
                                         0x38 (size before relaxing)
 .eh_frame      0x00000000000100f4       0x20 lib/changeType.o
                                         0x38 (size before relaxing)
 .eh_frame      0x0000000000010114       0x20 lib/move.o
                                         0x38 (size before relaxing)
 .eh_frame      0x0000000000010134       0x20 lib/showPro.o
                                         0x38 (size before relaxing)
 .eh_frame      0x0000000000010154       0x20 lib/fs_check.o
                                         0x38 (size before relaxing)
 .eh_frame      0x0000000000010174       0x20 lib/getPath.o
                                         0x38 (size before relaxing)
 .eh_frame      0x0000000000010194       0x20 lib/search.o
                                         0x38 (size before relaxing)
 .eh_frame      0x00000000000101b4       0x20 lib/rename.o
                                         0x38 (size before relaxing)
 .eh_frame      0x00000000000101d4      0x140 fs/main.o
                                        0x158 (size before relaxing)
 .eh_frame      0x0000000000010314      0x124 fs/open.o
                                        0x13c (size before relaxing)
 .eh_frame      0x0000000000010438       0x68 fs/misc.o
                                         0x80 (size before relaxing)
 .eh_frame      0x00000000000104a0       0x2c fs/read_write.o
                                         0x44 (size before relaxing)
 .eh_frame      0x00000000000104cc       0x2c fs/link.o
                                         0x44 (size before relaxing)
 .eh_frame      0x00000000000104f8       0x80 fs/disklog.o
                                         0x98 (size before relaxing)
 .eh_frame      0x0000000000010578       0xac fs/entry.o
                                         0xc4 (size before relaxing)
 .eh_frame      0x0000000000010624       0x68 fs/time.o
                                         0x80 (size before relaxing)
 .eh_frame      0x000000000001068c       0x8c fs/check.o
                                         0xa4 (size before relaxing)
 .eh_frame      0x0000000000010718       0x8c fs/path.o
                                         0xa4 (size before relaxing)
 *(.eh_frame.*)

.gcc_except_table
 *(.gcc_except_table .gcc_except_table.*)

.gnu_extab
 *(.gnu_extab*)

.exception_ranges
 *(.exception_ranges .exception_ranges*)
                0x00000000000117a4                . = DATA_SEGMENT_ALIGN (0x1000, 0x1000)

.eh_frame
 *(.eh_frame)
 *(.eh_frame.*)

.gnu_extab
 *(.gnu_extab)

.gcc_except_table
 *(.gcc_except_table .gcc_except_table.*)

.exception_ranges
 *(.exception_ranges .exception_ranges*)

.tdata
 *(.tdata .tdata.* .gnu.linkonce.td.*)

.tbss
 *(.tbss .tbss.* .gnu.linkonce.tb.*)
 *(.tcommon)

.preinit_array  0x00000000000117a4        0x0
                [!provide]                        PROVIDE (__preinit_array_start, .)
 *(.preinit_array)
                [!provide]                        PROVIDE (__preinit_array_end, .)

.init_array     0x00000000000117a4        0x0
                [!provide]                        PROVIDE (__init_array_start, .)
 *(SORT(.init_array.*) SORT(.ctors.*))
 *(.init_array EXCLUDE_FILE(*crtend?.o *crtend.o *crtbegin?.o *crtbegin.o) .ctors)
                [!provide]                        PROVIDE (__init_array_end, .)

.fini_array     0x00000000000117a4        0x0
                [!provide]                        PROVIDE (__fini_array_start, .)
 *(SORT(.fini_array.*) SORT(.dtors.*))
 *(.fini_array EXCLUDE_FILE(*crtend?.o *crtend.o *crtbegin?.o *crtbegin.o) .dtors)
                [!provide]                        PROVIDE (__fini_array_end, .)

.ctors
 *crtbegin.o(.ctors)
 *crtbegin?.o(.ctors)
 *(EXCLUDE_FILE(*crtend?.o *crtend.o) .ctors)
 *(SORT(.ctors.*))
 *(.ctors)

.dtors
 *crtbegin.o(.dtors)
 *crtbegin?.o(.dtors)
 *(EXCLUDE_FILE(*crtend?.o *crtend.o) .dtors)
 *(SORT(.dtors.*))
 *(.dtors)

.jcr
 *(.jcr)

.data.rel.ro
 *(.data.rel.ro.local* .gnu.linkonce.d.rel.ro.local.*)
 *(.data.rel.ro .data.rel.ro.* .gnu.linkonce.d.rel.ro.*)

.dynamic
 *(.dynamic)

.got
 *(.got)
 *(.igot)
                0x00000000000117a4                . = DATA_SEGMENT_RELRO_END (., (SIZEOF (.got.plt) >= 0xc)?0xc:0x0)

.got.plt        0x00000000000117a4        0x0
 *(.got.plt)
 *(.igot.plt)
 .igot.plt      0x00000000000117a4        0x0 kernel/kernel.o

.data           0x00000000000117c0      0x7a0
 *(.data .data.* .gnu.linkonce.d.*)
 .data          0x00000000000117c0        0x2 kernel/kernel.o
 .data          0x00000000000117c2        0x0 kernel/start.o
 .data          0x00000000000117c2        0x0 kernel/main.o
 .data          0x00000000000117c2        0x0 kernel/clock.o
 *fill*         0x00000000000117c2       0x1e 
 .data          0x00000000000117e0      0x600 kernel/keyboard.o
                0x00000000000117e0                keymap
 .data          0x0000000000011de0       0x22 kernel/tty.o
 .data          0x0000000000011e02        0x0 kernel/console.o
 .data          0x0000000000011e02        0x0 kernel/i8259.o
 *fill*         0x0000000000011e02       0x1e 
 .data          0x0000000000011e20      0x140 kernel/global.o
                0x0000000000011e20                task_table
                0x0000000000011ec0                user_proc_table
                0x0000000000011f38                sys_call_table
                0x0000000000011f44                dd_map
                0x0000000000011f5c                fsbuf
 .data          0x0000000000011f60        0x0 kernel/protect.o
 .data          0x0000000000011f60        0x0 kernel/proc.o
 .data          0x0000000000011f60        0x0 kernel/systask.o
 .data          0x0000000000011f60        0x0 kernel/hd.o
 .data          0x0000000000011f60        0x0 lib/printf.o
 .data          0x0000000000011f60        0x0 lib/vsprintf.o
 .data          0x0000000000011f60        0x0 lib/klib.o
 .data          0x0000000000011f60        0x0 lib/misc.o
 .data          0x0000000000011f60        0x0 lib/open.o
 .data          0x0000000000011f60        0x0 lib/read.o
 .data          0x0000000000011f60        0x0 lib/write.o
 .data          0x0000000000011f60        0x0 lib/close.o
 .data          0x0000000000011f60        0x0 lib/unlink.o
 .data          0x0000000000011f60        0x0 lib/getpid.o
 .data          0x0000000000011f60        0x0 lib/syslog.o
 .data          0x0000000000011f60        0x0 lib/changeType.o
 .data          0x0000000000011f60        0x0 lib/move.o
 .data          0x0000000000011f60        0x0 lib/showPro.o
 .data          0x0000000000011f60        0x0 lib/fs_check.o
 .data          0x0000000000011f60        0x0 lib/getPath.o
 .data          0x0000000000011f60        0x0 lib/search.o
 .data          0x0000000000011f60        0x0 lib/rename.o
 .data          0x0000000000011f60        0x0 fs/main.o
 .data          0x0000000000011f60        0x0 fs/open.o
 .data          0x0000000000011f60        0x0 fs/misc.o
 .data          0x0000000000011f60        0x0 fs/read_write.o
 .data          0x0000000000011f60        0x0 fs/link.o
 .data          0x0000000000011f60        0x0 fs/disklog.o
 .data          0x0000000000011f60        0x0 fs/entry.o
 .data          0x0000000000011f60        0x0 fs/time.o
 .data          0x0000000000011f60        0x0 fs/check.o
 .data          0x0000000000011f60        0x0 fs/path.o

.data1
 *(.data1)
                0x0000000000011f60                _edata = .
                [!provide]                        PROVIDE (edata, .)
                0x0000000000011f60                . = .
                0x0000000000011f60                __bss_start = .

.bss            0x0000000000011f60    0x3cb90
 *(.dynbss)
 *(.bss .bss.* .gnu.linkonce.b.*)
 .bss           0x0000000000011f60      0x800 kernel/kernel.o
 .bss           0x0000000000012760        0x0 kernel/start.o
 .bss           0x0000000000012760        0x0 kernel/main.o
 .bss           0x0000000000012760        0x0 kernel/clock.o
 .bss           0x0000000000012760       0x58 kernel/keyboard.o
 .bss           0x00000000000127b8        0x0 kernel/tty.o
 .bss           0x00000000000127b8        0x0 kernel/console.o
 .bss           0x00000000000127b8        0x0 kernel/i8259.o
 .bss           0x00000000000127b8        0x0 kernel/global.o
 .bss           0x00000000000127b8        0x0 kernel/protect.o
 .bss           0x00000000000127b8        0x0 kernel/proc.o
 .bss           0x00000000000127b8        0x0 kernel/systask.o
 *fill*         0x00000000000127b8        0x8 
 .bss           0x00000000000127c0      0x64c kernel/hd.o
 .bss           0x0000000000012e0c        0x0 lib/printf.o
 .bss           0x0000000000012e0c        0x0 lib/vsprintf.o
 .bss           0x0000000000012e0c        0x0 lib/klib.o
 .bss           0x0000000000012e0c        0x0 lib/misc.o
 .bss           0x0000000000012e0c        0x0 lib/open.o
 .bss           0x0000000000012e0c        0x0 lib/read.o
 .bss           0x0000000000012e0c        0x0 lib/write.o
 .bss           0x0000000000012e0c        0x0 lib/close.o
 .bss           0x0000000000012e0c        0x0 lib/unlink.o
 .bss           0x0000000000012e0c        0x0 lib/getpid.o
 .bss           0x0000000000012e0c        0x0 lib/syslog.o
 .bss           0x0000000000012e0c        0x0 lib/changeType.o
 .bss           0x0000000000012e0c        0x0 lib/move.o
 .bss           0x0000000000012e0c        0x0 lib/showPro.o
 .bss           0x0000000000012e0c        0x0 lib/fs_check.o
 .bss           0x0000000000012e0c        0x0 lib/getPath.o
 .bss           0x0000000000012e0c        0x0 lib/search.o
 .bss           0x0000000000012e0c        0x0 lib/rename.o
 .bss           0x0000000000012e0c        0x0 fs/main.o
 .bss           0x0000000000012e0c        0x0 fs/open.o
 .bss           0x0000000000012e0c        0x0 fs/misc.o
 .bss           0x0000000000012e0c        0x0 fs/read_write.o
 .bss           0x0000000000012e0c        0x0 fs/link.o
 *fill*         0x0000000000012e0c       0x14 
 .bss           0x0000000000012e20      0x208 fs/disklog.o
 .bss           0x0000000000013028        0x0 fs/entry.o
 .bss           0x0000000000013028        0x0 fs/time.o
 .bss           0x0000000000013028        0x0 fs/check.o
 .bss           0x0000000000013028        0x0 fs/path.o
 *(COMMON)
 *fill*         0x0000000000013028       0x18 
 COMMON         0x0000000000013040    0x3ba9e kernel/global.o
                0x0000000000013040                idt_ptr
                0x0000000000013060                inode_table
                0x0000000000014060                task_stack
                0x000000000004c060                k_reenter
                0x000000000004c080                gdt
                0x000000000004c480                current_console
                0x000000000004c484                pcaller
                0x000000000004c4a0                tty_table
                0x000000000004d120                tss
                0x000000000004d1a0                fs_msg
                0x000000000004d1e0                f_desc_table
                0x000000000004d4e0                root_inode
                0x000000000004d4e4                disp_pos
                0x000000000004d4e8                key_pressed
                0x000000000004d4ec                gdt_ptr
                0x000000000004d500                idt
                0x000000000004dd00                super_block
                0x000000000004df20                ticks
                0x000000000004df40                console_table
                0x000000000004df80                irq_table
                0x000000000004dfc0                p_proc_ready
                0x000000000004dfe0                proc_table
 *fill*         0x000000000004eade        0x2 
 COMMON         0x000000000004eae0       0x10 kernel/hd.o
                0x000000000004eae0                PARTITION_ENTRY
                0x000000000004eaf0                . = ALIGN ((. != 0x0)?0x4:0x1)
                0x000000000004eaf0                . = ALIGN (0x4)
                0x000000000004eaf0                . = SEGMENT_START ("ldata-segment", .)
                0x000000000004eaf0                . = ALIGN (0x4)
                0x000000000004eaf0                _end = .
                [!provide]                        PROVIDE (end, .)
                0x000000000004eaf0                . = DATA_SEGMENT_END (.)

.stab
 *(.stab)

.stabstr
 *(.stabstr)

.stab.excl
 *(.stab.excl)

.stab.exclstr
 *(.stab.exclstr)

.stab.index
 *(.stab.index)

.stab.indexstr
 *(.stab.indexstr)

.comment        0x0000000000000000       0x34
 *(.comment)
 .comment       0x0000000000000000       0x34 kernel/start.o
                                         0x35 (size before relaxing)
 .comment       0x0000000000000034       0x35 kernel/main.o
 .comment       0x0000000000000034       0x35 kernel/clock.o
 .comment       0x0000000000000034       0x35 kernel/keyboard.o
 .comment       0x0000000000000034       0x35 kernel/tty.o
 .comment       0x0000000000000034       0x35 kernel/console.o
 .comment       0x0000000000000034       0x35 kernel/i8259.o
 .comment       0x0000000000000034       0x35 kernel/global.o
 .comment       0x0000000000000034       0x35 kernel/protect.o
 .comment       0x0000000000000034       0x35 kernel/proc.o
 .comment       0x0000000000000034       0x35 kernel/systask.o
 .comment       0x0000000000000034       0x35 kernel/hd.o
 .comment       0x0000000000000034       0x35 lib/printf.o
 .comment       0x0000000000000034       0x35 lib/vsprintf.o
 .comment       0x0000000000000034       0x35 lib/klib.o
 .comment       0x0000000000000034       0x35 lib/misc.o
 .comment       0x0000000000000034       0x35 lib/open.o
 .comment       0x0000000000000034       0x35 lib/read.o
 .comment       0x0000000000000034       0x35 lib/write.o
 .comment       0x0000000000000034       0x35 lib/close.o
 .comment       0x0000000000000034       0x35 lib/unlink.o
 .comment       0x0000000000000034       0x35 lib/getpid.o
 .comment       0x0000000000000034       0x35 lib/syslog.o
 .comment       0x0000000000000034       0x35 lib/changeType.o
 .comment       0x0000000000000034       0x35 lib/move.o
 .comment       0x0000000000000034       0x35 lib/showPro.o
 .comment       0x0000000000000034       0x35 lib/fs_check.o
 .comment       0x0000000000000034       0x35 lib/getPath.o
 .comment       0x0000000000000034       0x35 lib/search.o
 .comment       0x0000000000000034       0x35 lib/rename.o
 .comment       0x0000000000000034       0x35 fs/main.o
 .comment       0x0000000000000034       0x35 fs/open.o
 .comment       0x0000000000000034       0x35 fs/misc.o
 .comment       0x0000000000000034       0x35 fs/read_write.o
 .comment       0x0000000000000034       0x35 fs/link.o
 .comment       0x0000000000000034       0x35 fs/disklog.o
 .comment       0x0000000000000034       0x35 fs/entry.o
 .comment       0x0000000000000034       0x35 fs/time.o
 .comment       0x0000000000000034       0x35 fs/check.o
 .comment       0x0000000000000034       0x35 fs/path.o

.debug
 *(.debug)

.line
 *(.line)

.debug_srcinfo
 *(.debug_srcinfo)

.debug_sfnames
 *(.debug_sfnames)

.debug_aranges
 *(.debug_aranges)

.debug_pubnames
 *(.debug_pubnames)

.debug_info
 *(.debug_info .gnu.linkonce.wi.*)

.debug_abbrev
 *(.debug_abbrev)

.debug_line
 *(.debug_line .debug_line.* .debug_line_end)

.debug_frame
 *(.debug_frame)

.debug_str
 *(.debug_str)

.debug_loc
 *(.debug_loc)

.debug_macinfo
 *(.debug_macinfo)

.debug_weaknames
 *(.debug_weaknames)

.debug_funcnames
 *(.debug_funcnames)

.debug_typenames
 *(.debug_typenames)

.debug_varnames
 *(.debug_varnames)

.debug_pubtypes
 *(.debug_pubtypes)

.debug_ranges
 *(.debug_ranges)

.debug_macro
 *(.debug_macro)

.gnu.attributes
 *(.gnu.attributes)

/DISCARD/
 *(.note.GNU-stack)
 *(.gnu_debuglink)
 *(.gnu.lto_*)
OUTPUT(kernel.bin elf32-i386)
