
Allocating common symbols
Common symbol       size              file

idt_ptr             0x6               kernel/global.o
inode_table         0xf00             kernel/global.o
task_stack          0x38000           kernel/global.o
k_reenter           0x4               kernel/global.o
gdt                 0x400             kernel/global.o
current_console     0x4               kernel/global.o
pcaller             0x4               kernel/global.o
tty_table           0xc6c             kernel/global.o
tss                 0x68              kernel/global.o
fs_msg              0x30              kernel/global.o
f_desc_table        0x300             kernel/global.o
root_inode          0x4               kernel/global.o
disp_pos            0x4               kernel/global.o
key_pressed         0x4               kernel/global.o
gdt_ptr             0x6               kernel/global.o
idt                 0x800             kernel/global.o
super_block         0x220             kernel/global.o
PARTITION_ENTRY     0x10              kernel/hd.o
ticks               0x4               kernel/global.o
console_table       0x3c              kernel/global.o
irq_table           0x40              kernel/global.o
p_proc_ready        0x4               kernel/global.o
proc_table          0xafe             kernel/global.o

Discarded input sections

 .note.GNU-stack
                0x0000000000000000        0x0 kernel/start.o
 .note.GNU-stack
                0x0000000000000000        0x0 kernel/main.o
 .note.GNU-stack
                0x0000000000000000        0x0 kernel/clock.o
 .note.GNU-stack
                0x0000000000000000        0x0 kernel/keyboard.o
 .note.GNU-stack
                0x0000000000000000        0x0 kernel/tty.o
 .note.GNU-stack
                0x0000000000000000        0x0 kernel/console.o
 .note.GNU-stack
                0x0000000000000000        0x0 kernel/i8259.o
 .note.GNU-stack
                0x0000000000000000        0x0 kernel/global.o
 .note.GNU-stack
                0x0000000000000000        0x0 kernel/protect.o
 .note.GNU-stack
                0x0000000000000000        0x0 kernel/proc.o
 .note.GNU-stack
                0x0000000000000000        0x0 kernel/systask.o
 .note.GNU-stack
                0x0000000000000000        0x0 kernel/hd.o
 .note.GNU-stack
                0x0000000000000000        0x0 lib/printf.o
 .note.GNU-stack
                0x0000000000000000        0x0 lib/vsprintf.o
 .note.GNU-stack
                0x0000000000000000        0x0 lib/klib.o
 .note.GNU-stack
                0x0000000000000000        0x0 lib/misc.o
 .note.GNU-stack
                0x0000000000000000        0x0 lib/open.o
 .note.GNU-stack
                0x0000000000000000        0x0 lib/read.o
 .note.GNU-stack
                0x0000000000000000        0x0 lib/write.o
 .note.GNU-stack
                0x0000000000000000        0x0 lib/close.o
 .note.GNU-stack
                0x0000000000000000        0x0 lib/unlink.o
 .note.GNU-stack
                0x0000000000000000        0x0 lib/getpid.o
 .note.GNU-stack
                0x0000000000000000        0x0 lib/syslog.o
 .note.GNU-stack
                0x0000000000000000        0x0 lib/changeType.o
 .note.GNU-stack
                0x0000000000000000        0x0 lib/move.o
 .note.GNU-stack
                0x0000000000000000        0x0 lib/showPro.o
 .note.GNU-stack
                0x0000000000000000        0x0 fs/main.o
 .note.GNU-stack
                0x0000000000000000        0x0 fs/open.o
 .note.GNU-stack
                0x0000000000000000        0x0 fs/misc.o
 .note.GNU-stack
                0x0000000000000000        0x0 fs/read_write.o
 .note.GNU-stack
                0x0000000000000000        0x0 fs/link.o
 .note.GNU-stack
                0x0000000000000000        0x0 fs/disklog.o
 .note.GNU-stack
                0x0000000000000000        0x0 fs/entry.o
 .note.GNU-stack
                0x0000000000000000        0x0 fs/time.o

Memory Configuration

Name             Origin             Length             Attributes
*default*        0x0000000000000000 0xffffffffffffffff

Linker script and memory map

Address of section .text set to 0x1000
LOAD kernel/kernel.o
LOAD lib/syscall.o
LOAD kernel/start.o
LOAD kernel/main.o
LOAD kernel/clock.o
LOAD kernel/keyboard.o
LOAD kernel/tty.o
LOAD kernel/console.o
LOAD kernel/i8259.o
LOAD kernel/global.o
LOAD kernel/protect.o
LOAD kernel/proc.o
LOAD kernel/systask.o
LOAD kernel/hd.o
LOAD lib/printf.o
LOAD lib/vsprintf.o
LOAD lib/kliba.o
LOAD lib/klib.o
LOAD lib/string.o
LOAD lib/misc.o
LOAD lib/open.o
LOAD lib/read.o
LOAD lib/write.o
LOAD lib/close.o
LOAD lib/unlink.o
LOAD lib/getpid.o
LOAD lib/syslog.o
LOAD lib/changeType.o
LOAD lib/move.o
LOAD lib/showPro.o
LOAD fs/main.o
LOAD fs/open.o
LOAD fs/misc.o
LOAD fs/read_write.o
LOAD fs/link.o
LOAD fs/disklog.o
LOAD fs/entry.o
LOAD fs/time.o
                [!provide]                        PROVIDE (__executable_start, 0x8048000)
                0x0000000008048094                . = (0x8048000 + SIZEOF_HEADERS)

.interp
 *(.interp)

.note.gnu.build-id
 *(.note.gnu.build-id)

.hash
 *(.hash)

.gnu.hash
 *(.gnu.hash)

.dynsym
 *(.dynsym)

.dynstr
 *(.dynstr)

.gnu.version
 *(.gnu.version)

.gnu.version_d
 *(.gnu.version_d)

.gnu.version_r
 *(.gnu.version_r)

.rel.dyn        0x0000000008048094        0x0
 *(.rel.init)
 *(.rel.text .rel.text.* .rel.gnu.linkonce.t.*)
 .rel.text      0x0000000008048094        0x0 kernel/kernel.o
 *(.rel.fini)
 *(.rel.rodata .rel.rodata.* .rel.gnu.linkonce.r.*)
 *(.rel.data.rel.ro .rel.data.rel.ro.* .rel.gnu.linkonce.d.rel.ro.*)
 *(.rel.data .rel.data.* .rel.gnu.linkonce.d.*)
 .rel.data      0x0000000008048094        0x0 kernel/kernel.o
 *(.rel.tdata .rel.tdata.* .rel.gnu.linkonce.td.*)
 *(.rel.tbss .rel.tbss.* .rel.gnu.linkonce.tb.*)
 *(.rel.ctors)
 *(.rel.dtors)
 *(.rel.got)
 *(.rel.bss .rel.bss.* .rel.gnu.linkonce.b.*)
 *(.rel.ifunc)

.rel.plt        0x0000000008048094        0x0
 *(.rel.plt)
                [!provide]                        PROVIDE (__rel_iplt_start, .)
 *(.rel.iplt)
 .rel.iplt      0x0000000008048094        0x0 kernel/kernel.o
                [!provide]                        PROVIDE (__rel_iplt_end, .)

.init
 *(SORT(.init))

.plt            0x00000000080480a0        0x0
 *(.plt)
 *(.iplt)
 .iplt          0x00000000080480a0        0x0 kernel/kernel.o

.plt.got
 *(.plt.got)

.text           0x0000000000001000     0xaf3d
 *(.text.unlikely .text.*_unlikely .text.unlikely.*)
 *(.text.exit .text.exit.*)
 *(.text.startup .text.startup.*)
 *(.text.hot .text.hot.*)
 *(.text .stub .text.* .gnu.linkonce.t.*)
 .text          0x0000000000001000      0x410 kernel/kernel.o
                0x0000000000001000                _start
                0x0000000000001040                hwint00
                0x0000000000001070                hwint01
                0x00000000000010a0                hwint02
                0x00000000000010d0                hwint03
                0x0000000000001100                hwint04
                0x0000000000001130                hwint05
                0x0000000000001160                hwint06
                0x0000000000001190                hwint07
                0x00000000000011c0                hwint08
                0x00000000000011f0                hwint09
                0x0000000000001220                hwint10
                0x0000000000001250                hwint11
                0x0000000000001280                hwint12
                0x00000000000012b0                hwint13
                0x00000000000012e0                hwint14
                0x0000000000001310                hwint15
                0x0000000000001334                divide_error
                0x000000000000133a                single_step_exception
                0x0000000000001340                nmi
                0x0000000000001346                breakpoint_exception
                0x000000000000134c                overflow
                0x0000000000001352                bounds_check
                0x0000000000001358                inval_opcode
                0x000000000000135e                copr_not_available
                0x0000000000001364                double_fault
                0x0000000000001368                copr_seg_overrun
                0x000000000000136e                inval_tss
                0x0000000000001372                segment_not_present
                0x0000000000001376                stack_exception
                0x000000000000137a                general_protection
                0x000000000000137e                page_fault
                0x0000000000001382                copr_error
                0x00000000000013cb                sys_call
                0x00000000000013eb                restart
 .text          0x0000000000001410       0x28 lib/syscall.o
                0x0000000000001410                sendrec
                0x000000000000142a                printx
 .text          0x0000000000001438       0x95 kernel/start.o
                0x0000000000001438                cstart
 .text          0x00000000000014cd      0x811 kernel/main.o
                0x00000000000014cd                kernel_main
                0x000000000000174a                get_ticks
                0x000000000000177e                TestA
                0x0000000000001b67                TestB
                0x0000000000001c7c                TestC
                0x0000000000001c95                panic
 .text          0x0000000000001cde      0x10d kernel/clock.o
                0x0000000000001cde                clock_handler
                0x0000000000001d59                milli_delay
                0x0000000000001d93                init_clock
 .text          0x0000000000001deb      0x6da kernel/keyboard.o
                0x0000000000001deb                keyboard_handler
                0x0000000000001e55                init_keyboard
                0x0000000000001f04                keyboard_read
 .text          0x00000000000024c5      0x9c0 kernel/tty.o
                0x00000000000024c5                task_tty
                0x0000000000002675                in_process
                0x0000000000002b86                sys_printx
                0x0000000000002d24                dump_tty_buf
 .text          0x0000000000002e85      0x7d7 kernel/console.o
                0x0000000000002e85                init_screen
                0x0000000000002ff9                out_char
                0x00000000000032d6                is_current_console
                0x00000000000033c9                select_console
                0x0000000000003409                scroll_screen
 .text          0x000000000000365c      0x130 kernel/i8259.o
                0x000000000000365c                init_8259A
                0x0000000000003731                spurious_irq
                0x0000000000003768                put_irq_handler
 .text          0x000000000000378c        0x0 kernel/global.o
 .text          0x000000000000378c      0x614 kernel/protect.o
                0x000000000000378c                init_prot
                0x0000000000003ba9                seg2phys
                0x0000000000003c65                exception_handler
 .text          0x0000000000003da0     0x16d7 kernel/proc.o
                0x0000000000003da0                schedule
                0x0000000000003e2c                sys_sendrec
                0x0000000000003f4b                send_recv
                0x0000000000004008                ldt_seg_linear
                0x0000000000004052                va2la
                0x00000000000040b3                reset_msg
                0x0000000000004e8c                inform_int
                0x0000000000004ffc                dump_proc
                0x000000000000536a                dump_msg
 .text          0x0000000000005477       0x82 kernel/systask.o
                0x0000000000005477                task_sys
 .text          0x00000000000054f9      0xe1f kernel/hd.o
                0x00000000000054f9                task_hd
                0x00000000000062ed                hd_handler
 .text          0x0000000000006318       0xad lib/printf.o
                0x0000000000006318                printf
                0x0000000000006383                printl
 .text          0x00000000000063c5      0x305 lib/vsprintf.o
                0x0000000000006423                vsprintf
                0x00000000000066a4                sprintf
 *fill*         0x00000000000066ca        0x6 
 .text          0x00000000000066d0      0x19a lib/kliba.o
                0x00000000000066d0                disp_str
                0x000000000000670e                disp_color_str
                0x000000000000674d                out_byte
                0x0000000000006759                in_byte
                0x0000000000006763                port_read
                0x0000000000006776                port_write
                0x0000000000006789                disable_irq
                0x00000000000067be                enable_irq
                0x00000000000067dd                disable_int
                0x00000000000067df                enable_int
                0x00000000000067e1                glitter
 .text          0x000000000000686a      0x119 lib/klib.o
                0x000000000000686a                itoa
                0x0000000000006915                disp_int
                0x000000000000693c                delay
 *fill*         0x0000000000006983        0xd 
 .text          0x0000000000006990       0x78 lib/string.o
                0x0000000000006990                memcpy
                0x00000000000069b9                memset
                0x00000000000069da                strcpy
                0x00000000000069f2                strlen
 .text          0x0000000000006a08      0x19c lib/misc.o
                0x0000000000006a08                memcmp
                0x0000000000006a7e                strcmp
                0x0000000000006af1                strcat
                0x0000000000006b50                spin
                0x0000000000006b6b                assertion_failure
 .text          0x0000000000006ba4       0x63 lib/open.o
                0x0000000000006ba4                open
 .text          0x0000000000006c07       0x37 lib/read.o
                0x0000000000006c07                read
 .text          0x0000000000006c3e       0x37 lib/write.o
                0x0000000000006c3e                write
 .text          0x0000000000006c75       0x2b lib/close.o
                0x0000000000006c75                close
 .text          0x0000000000006ca0       0x3c lib/unlink.o
                0x0000000000006ca0                unlink
 .text          0x0000000000006cdc       0x46 lib/getpid.o
                0x0000000000006cdc                getpid
 .text          0x0000000000006d22       0xd1 lib/syslog.o
                0x0000000000006d22                syslog
 .text          0x0000000000006df3       0x31 lib/changeType.o
                0x0000000000006df3                changeType
 .text          0x0000000000006e24       0x31 lib/move.o
                0x0000000000006e24                move
 .text          0x0000000000006e55       0x2b lib/showPro.o
                0x0000000000006e55                showPro
 .text          0x0000000000006e80      0xdf7 fs/main.o
                0x0000000000006e80                task_fs
                0x000000000000774f                rw_sector
                0x0000000000007949                get_super_block
                0x000000000000798f                get_inode
                0x0000000000007b16                put_inode
                0x0000000000007b54                sync_inode
 .text          0x0000000000007c77      0xb4b fs/open.o
                0x0000000000007c77                do_open
                0x0000000000008103                do_close
                0x000000000000815f                do_lseek
 .text          0x00000000000087c2      0x411 fs/misc.o
                0x00000000000087c2                search_file
                0x0000000000008925                strip_path
                0x0000000000008ad8                search_inode
 .text          0x0000000000008bd3      0x4b4 fs/read_write.o
                0x0000000000008bd3                do_rdwt
 .text          0x0000000000009087      0x867 fs/link.o
                0x0000000000009087                do_unlink
 .text          0x00000000000098ee     0x14c2 fs/disklog.o
                0x00000000000098ee                do_disklog
                0x0000000000009989                disklog
                0x0000000000009e64                dump_fd_graph
 .text          0x000000000000adb0      0xaaf fs/entry.o
                0x000000000000adb0                do_move
                0x000000000000af7e                do_changeType
                0x000000000000b1cf                move_relat
                0x000000000000b225                delete_relat
                0x000000000000b38b                make_relat
                0x000000000000b4ef                check_relat
                0x000000000000b684                check_child
                0x000000000000b7b0                check_path
 .text          0x000000000000b85f      0x6de fs/time.o
                0x000000000000b85f                do_showPro
                0x000000000000bcc3                get_time
 *(.gnu.warning)

.fini
 *(SORT(.fini))
                [!provide]                        PROVIDE (__etext, .)
                [!provide]                        PROVIDE (_etext, .)
                [!provide]                        PROVIDE (etext, .)

.rodata         0x000000000000bf40     0x2203
 *(.rodata .rodata.* .gnu.linkonce.r.*)
 .rodata        0x000000000000bf40       0x47 kernel/start.o
 *fill*         0x000000000000bf87        0x1 
 .rodata        0x000000000000bf88      0x19c kernel/main.o
 .rodata        0x000000000000c124       0x64 kernel/keyboard.o
 .rodata        0x000000000000c188      0x13c kernel/tty.o
 .rodata        0x000000000000c2c4       0x5b kernel/console.o
 .rodata        0x000000000000c31f       0x11 kernel/i8259.o
 .rodata        0x000000000000c330        0x4 kernel/global.o
                0x000000000000c330                FSBUF_SIZE
 *fill*         0x000000000000c334        0xc 
 .rodata        0x000000000000c340      0x540 kernel/protect.o
 .rodata        0x000000000000c880      0x62e kernel/proc.o
 .rodata        0x000000000000ceae       0x11 kernel/systask.o
 *fill*         0x000000000000cebf        0x1 
 .rodata        0x000000000000cec0      0x1ba kernel/hd.o
 .rodata        0x000000000000d07a       0x14 lib/printf.o
 *fill*         0x000000000000d08e        0x2 
 .rodata        0x000000000000d090       0x61 lib/misc.o
 .rodata        0x000000000000d0f1       0x23 lib/open.o
 .rodata        0x000000000000d114       0x25 lib/getpid.o
 .rodata        0x000000000000d139       0x32 lib/syslog.o
 *fill*         0x000000000000d16b        0x1 
 .rodata        0x000000000000d16c      0x206 fs/main.o
 *fill*         0x000000000000d372        0x2 
 .rodata        0x000000000000d374      0x138 fs/open.o
 .rodata        0x000000000000d4ac      0x164 fs/read_write.o
 .rodata        0x000000000000d610      0x1dd fs/link.o
 *fill*         0x000000000000d7ed        0x3 
 .rodata        0x000000000000d7f0      0x627 fs/disklog.o
 *fill*         0x000000000000de17        0x1 
 .rodata        0x000000000000de18      0x160 fs/entry.o
 .rodata        0x000000000000df78      0x1cb fs/time.o

.rodata1
 *(.rodata1)

.eh_frame_hdr
 *(.eh_frame_hdr)
 *(.eh_frame_entry .eh_frame_entry.*)

.eh_frame       0x000000000000e144     0x117c
 *(.eh_frame)
 .eh_frame      0x000000000000e144       0x38 kernel/start.o
 .eh_frame      0x000000000000e17c       0xbc kernel/main.o
                                         0xd4 (size before relaxing)
 .eh_frame      0x000000000000e238       0x60 kernel/clock.o
                                         0x78 (size before relaxing)
 .eh_frame      0x000000000000e298       0xe0 kernel/keyboard.o
                                         0xf8 (size before relaxing)
 .eh_frame      0x000000000000e378      0x13c kernel/tty.o
                                        0x154 (size before relaxing)
 .eh_frame      0x000000000000e4b4      0x144 kernel/console.o
                                        0x15c (size before relaxing)
 .eh_frame      0x000000000000e5f8       0x60 kernel/i8259.o
                                         0x78 (size before relaxing)
 .eh_frame      0x000000000000e658       0xb0 kernel/protect.o
                                         0xc8 (size before relaxing)
 .eh_frame      0x000000000000e708      0x1d8 kernel/proc.o
                                        0x1f0 (size before relaxing)
 .eh_frame      0x000000000000e8e0       0x1c kernel/systask.o
                                         0x34 (size before relaxing)
 .eh_frame      0x000000000000e8fc      0x1f0 kernel/hd.o
                                        0x208 (size before relaxing)
 .eh_frame      0x000000000000eaec       0x40 lib/printf.o
                                         0x58 (size before relaxing)
 .eh_frame      0x000000000000eb2c       0x60 lib/vsprintf.o
                                         0x78 (size before relaxing)
 .eh_frame      0x000000000000eb8c       0x60 lib/klib.o
                                         0x78 (size before relaxing)
 .eh_frame      0x000000000000ebec       0x9c lib/misc.o
                                         0xb4 (size before relaxing)
 .eh_frame      0x000000000000ec88       0x20 lib/open.o
                                         0x38 (size before relaxing)
 .eh_frame      0x000000000000eca8       0x20 lib/read.o
                                         0x38 (size before relaxing)
 .eh_frame      0x000000000000ecc8       0x20 lib/write.o
                                         0x38 (size before relaxing)
 .eh_frame      0x000000000000ece8       0x20 lib/close.o
                                         0x38 (size before relaxing)
 .eh_frame      0x000000000000ed08       0x20 lib/unlink.o
                                         0x38 (size before relaxing)
 .eh_frame      0x000000000000ed28       0x20 lib/getpid.o
                                         0x38 (size before relaxing)
 .eh_frame      0x000000000000ed48       0x20 lib/syslog.o
                                         0x38 (size before relaxing)
 .eh_frame      0x000000000000ed68       0x20 lib/changeType.o
                                         0x38 (size before relaxing)
 .eh_frame      0x000000000000ed88       0x20 lib/move.o
                                         0x38 (size before relaxing)
 .eh_frame      0x000000000000eda8       0x20 lib/showPro.o
                                         0x38 (size before relaxing)
 .eh_frame      0x000000000000edc8      0x140 fs/main.o
                                        0x158 (size before relaxing)
 .eh_frame      0x000000000000ef08      0x120 fs/open.o
                                        0x138 (size before relaxing)
 .eh_frame      0x000000000000f028       0x68 fs/misc.o
                                         0x80 (size before relaxing)
 .eh_frame      0x000000000000f090       0x2c fs/read_write.o
                                         0x44 (size before relaxing)
 .eh_frame      0x000000000000f0bc       0x2c fs/link.o
                                         0x44 (size before relaxing)
 .eh_frame      0x000000000000f0e8       0x80 fs/disklog.o
                                         0x98 (size before relaxing)
 .eh_frame      0x000000000000f168      0x114 fs/entry.o
                                        0x12c (size before relaxing)
 .eh_frame      0x000000000000f27c       0x44 fs/time.o
                                         0x5c (size before relaxing)
 *(.eh_frame.*)

.gcc_except_table
 *(.gcc_except_table .gcc_except_table.*)

.gnu_extab
 *(.gnu_extab*)

.exception_ranges
 *(.exception_ranges .exception_ranges*)
                0x00000000000102c0                . = DATA_SEGMENT_ALIGN (0x1000, 0x1000)

.eh_frame
 *(.eh_frame)
 *(.eh_frame.*)

.gnu_extab
 *(.gnu_extab)

.gcc_except_table
 *(.gcc_except_table .gcc_except_table.*)

.exception_ranges
 *(.exception_ranges .exception_ranges*)

.tdata
 *(.tdata .tdata.* .gnu.linkonce.td.*)

.tbss
 *(.tbss .tbss.* .gnu.linkonce.tb.*)
 *(.tcommon)

.preinit_array  0x00000000000102c0        0x0
                [!provide]                        PROVIDE (__preinit_array_start, .)
 *(.preinit_array)
                [!provide]                        PROVIDE (__preinit_array_end, .)

.init_array     0x00000000000102c0        0x0
                [!provide]                        PROVIDE (__init_array_start, .)
 *(SORT(.init_array.*) SORT(.ctors.*))
 *(.init_array EXCLUDE_FILE(*crtend?.o *crtend.o *crtbegin?.o *crtbegin.o) .ctors)
                [!provide]                        PROVIDE (__init_array_end, .)

.fini_array     0x00000000000102c0        0x0
                [!provide]                        PROVIDE (__fini_array_start, .)
 *(SORT(.fini_array.*) SORT(.dtors.*))
 *(.fini_array EXCLUDE_FILE(*crtend?.o *crtend.o *crtbegin?.o *crtbegin.o) .dtors)
                [!provide]                        PROVIDE (__fini_array_end, .)

.ctors
 *crtbegin.o(.ctors)
 *crtbegin?.o(.ctors)
 *(EXCLUDE_FILE(*crtend?.o *crtend.o) .ctors)
 *(SORT(.ctors.*))
 *(.ctors)

.dtors
 *crtbegin.o(.dtors)
 *crtbegin?.o(.dtors)
 *(EXCLUDE_FILE(*crtend?.o *crtend.o) .dtors)
 *(SORT(.dtors.*))
 *(.dtors)

.jcr
 *(.jcr)

.data.rel.ro
 *(.data.rel.ro.local* .gnu.linkonce.d.rel.ro.local.*)
 *(.data.rel.ro .data.rel.ro.* .gnu.linkonce.d.rel.ro.*)

.dynamic
 *(.dynamic)

.got
 *(.got)
 *(.igot)
                0x00000000000102c0                . = DATA_SEGMENT_RELRO_END (., (SIZEOF (.got.plt) >= 0xc)?0xc:0x0)

.got.plt        0x00000000000102c0        0x0
 *(.got.plt)
 *(.igot.plt)
 .igot.plt      0x00000000000102c0        0x0 kernel/kernel.o

.data           0x00000000000102c0      0x7a0
 *(.data .data.* .gnu.linkonce.d.*)
 .data          0x00000000000102c0        0x2 kernel/kernel.o
 .data          0x00000000000102c2        0x0 kernel/start.o
 .data          0x00000000000102c2        0x0 kernel/main.o
 .data          0x00000000000102c2        0x0 kernel/clock.o
 *fill*         0x00000000000102c2       0x1e 
 .data          0x00000000000102e0      0x600 kernel/keyboard.o
                0x00000000000102e0                keymap
 .data          0x00000000000108e0       0x22 kernel/tty.o
 .data          0x0000000000010902        0x0 kernel/console.o
 .data          0x0000000000010902        0x0 kernel/i8259.o
 *fill*         0x0000000000010902       0x1e 
 .data          0x0000000000010920      0x140 kernel/global.o
                0x0000000000010920                task_table
                0x00000000000109c0                user_proc_table
                0x0000000000010a38                sys_call_table
                0x0000000000010a44                dd_map
                0x0000000000010a5c                fsbuf
 .data          0x0000000000010a60        0x0 kernel/protect.o
 .data          0x0000000000010a60        0x0 kernel/proc.o
 .data          0x0000000000010a60        0x0 kernel/systask.o
 .data          0x0000000000010a60        0x0 kernel/hd.o
 .data          0x0000000000010a60        0x0 lib/printf.o
 .data          0x0000000000010a60        0x0 lib/vsprintf.o
 .data          0x0000000000010a60        0x0 lib/klib.o
 .data          0x0000000000010a60        0x0 lib/misc.o
 .data          0x0000000000010a60        0x0 lib/open.o
 .data          0x0000000000010a60        0x0 lib/read.o
 .data          0x0000000000010a60        0x0 lib/write.o
 .data          0x0000000000010a60        0x0 lib/close.o
 .data          0x0000000000010a60        0x0 lib/unlink.o
 .data          0x0000000000010a60        0x0 lib/getpid.o
 .data          0x0000000000010a60        0x0 lib/syslog.o
 .data          0x0000000000010a60        0x0 lib/changeType.o
 .data          0x0000000000010a60        0x0 lib/move.o
 .data          0x0000000000010a60        0x0 lib/showPro.o
 .data          0x0000000000010a60        0x0 fs/main.o
 .data          0x0000000000010a60        0x0 fs/open.o
 .data          0x0000000000010a60        0x0 fs/misc.o
 .data          0x0000000000010a60        0x0 fs/read_write.o
 .data          0x0000000000010a60        0x0 fs/link.o
 .data          0x0000000000010a60        0x0 fs/disklog.o
 .data          0x0000000000010a60        0x0 fs/entry.o
 .data          0x0000000000010a60        0x0 fs/time.o

.data1
 *(.data1)
                0x0000000000010a60                _edata = .
                [!provide]                        PROVIDE (edata, .)
                0x0000000000010a60                . = .
                0x0000000000010a60                __bss_start = .

.bss            0x0000000000010a60    0x3ca90
 *(.dynbss)
 *(.bss .bss.* .gnu.linkonce.b.*)
 .bss           0x0000000000010a60      0x800 kernel/kernel.o
 .bss           0x0000000000011260        0x0 kernel/start.o
 .bss           0x0000000000011260        0x0 kernel/main.o
 .bss           0x0000000000011260        0x0 kernel/clock.o
 .bss           0x0000000000011260       0x58 kernel/keyboard.o
 .bss           0x00000000000112b8        0x0 kernel/tty.o
 .bss           0x00000000000112b8        0x0 kernel/console.o
 .bss           0x00000000000112b8        0x0 kernel/i8259.o
 .bss           0x00000000000112b8        0x0 kernel/global.o
 .bss           0x00000000000112b8        0x0 kernel/protect.o
 .bss           0x00000000000112b8        0x0 kernel/proc.o
 .bss           0x00000000000112b8        0x0 kernel/systask.o
 *fill*         0x00000000000112b8        0x8 
 .bss           0x00000000000112c0      0x64c kernel/hd.o
 .bss           0x000000000001190c        0x0 lib/printf.o
 .bss           0x000000000001190c        0x0 lib/vsprintf.o
 .bss           0x000000000001190c        0x0 lib/klib.o
 .bss           0x000000000001190c        0x0 lib/misc.o
 .bss           0x000000000001190c        0x0 lib/open.o
 .bss           0x000000000001190c        0x0 lib/read.o
 .bss           0x000000000001190c        0x0 lib/write.o
 .bss           0x000000000001190c        0x0 lib/close.o
 .bss           0x000000000001190c        0x0 lib/unlink.o
 .bss           0x000000000001190c        0x0 lib/getpid.o
 .bss           0x000000000001190c        0x0 lib/syslog.o
 .bss           0x000000000001190c        0x0 lib/changeType.o
 .bss           0x000000000001190c        0x0 lib/move.o
 .bss           0x000000000001190c        0x0 lib/showPro.o
 .bss           0x000000000001190c        0x0 fs/main.o
 .bss           0x000000000001190c        0x0 fs/open.o
 .bss           0x000000000001190c        0x0 fs/misc.o
 .bss           0x000000000001190c        0x0 fs/read_write.o
 .bss           0x000000000001190c        0x0 fs/link.o
 *fill*         0x000000000001190c       0x14 
 .bss           0x0000000000011920      0x208 fs/disklog.o
 .bss           0x0000000000011b28        0x0 fs/entry.o
 .bss           0x0000000000011b28        0x0 fs/time.o
 *(COMMON)
 *fill*         0x0000000000011b28       0x18 
 COMMON         0x0000000000011b40    0x3b99e kernel/global.o
                0x0000000000011b40                idt_ptr
                0x0000000000011b60                inode_table
                0x0000000000012a60                task_stack
                0x000000000004aa60                k_reenter
                0x000000000004aa80                gdt
                0x000000000004ae80                current_console
                0x000000000004ae84                pcaller
                0x000000000004aea0                tty_table
                0x000000000004bb20                tss
                0x000000000004bba0                fs_msg
                0x000000000004bbe0                f_desc_table
                0x000000000004bee0                root_inode
                0x000000000004bee4                disp_pos
                0x000000000004bee8                key_pressed
                0x000000000004beec                gdt_ptr
                0x000000000004bf00                idt
                0x000000000004c700                super_block
                0x000000000004c920                ticks
                0x000000000004c940                console_table
                0x000000000004c980                irq_table
                0x000000000004c9c0                p_proc_ready
                0x000000000004c9e0                proc_table
 *fill*         0x000000000004d4de        0x2 
 COMMON         0x000000000004d4e0       0x10 kernel/hd.o
                0x000000000004d4e0                PARTITION_ENTRY
                0x000000000004d4f0                . = ALIGN ((. != 0x0)?0x4:0x1)
                0x000000000004d4f0                . = ALIGN (0x4)
                0x000000000004d4f0                . = SEGMENT_START ("ldata-segment", .)
                0x000000000004d4f0                . = ALIGN (0x4)
                0x000000000004d4f0                _end = .
                [!provide]                        PROVIDE (end, .)
                0x000000000004d4f0                . = DATA_SEGMENT_END (.)

.stab
 *(.stab)

.stabstr
 *(.stabstr)

.stab.excl
 *(.stab.excl)

.stab.exclstr
 *(.stab.exclstr)

.stab.index
 *(.stab.index)

.stab.indexstr
 *(.stab.indexstr)

.comment        0x0000000000000000       0x34
 *(.comment)
 .comment       0x0000000000000000       0x34 kernel/start.o
                                         0x35 (size before relaxing)
 .comment       0x0000000000000034       0x35 kernel/main.o
 .comment       0x0000000000000034       0x35 kernel/clock.o
 .comment       0x0000000000000034       0x35 kernel/keyboard.o
 .comment       0x0000000000000034       0x35 kernel/tty.o
 .comment       0x0000000000000034       0x35 kernel/console.o
 .comment       0x0000000000000034       0x35 kernel/i8259.o
 .comment       0x0000000000000034       0x35 kernel/global.o
 .comment       0x0000000000000034       0x35 kernel/protect.o
 .comment       0x0000000000000034       0x35 kernel/proc.o
 .comment       0x0000000000000034       0x35 kernel/systask.o
 .comment       0x0000000000000034       0x35 kernel/hd.o
 .comment       0x0000000000000034       0x35 lib/printf.o
 .comment       0x0000000000000034       0x35 lib/vsprintf.o
 .comment       0x0000000000000034       0x35 lib/klib.o
 .comment       0x0000000000000034       0x35 lib/misc.o
 .comment       0x0000000000000034       0x35 lib/open.o
 .comment       0x0000000000000034       0x35 lib/read.o
 .comment       0x0000000000000034       0x35 lib/write.o
 .comment       0x0000000000000034       0x35 lib/close.o
 .comment       0x0000000000000034       0x35 lib/unlink.o
 .comment       0x0000000000000034       0x35 lib/getpid.o
 .comment       0x0000000000000034       0x35 lib/syslog.o
 .comment       0x0000000000000034       0x35 lib/changeType.o
 .comment       0x0000000000000034       0x35 lib/move.o
 .comment       0x0000000000000034       0x35 lib/showPro.o
 .comment       0x0000000000000034       0x35 fs/main.o
 .comment       0x0000000000000034       0x35 fs/open.o
 .comment       0x0000000000000034       0x35 fs/misc.o
 .comment       0x0000000000000034       0x35 fs/read_write.o
 .comment       0x0000000000000034       0x35 fs/link.o
 .comment       0x0000000000000034       0x35 fs/disklog.o
 .comment       0x0000000000000034       0x35 fs/entry.o
 .comment       0x0000000000000034       0x35 fs/time.o

.debug
 *(.debug)

.line
 *(.line)

.debug_srcinfo
 *(.debug_srcinfo)

.debug_sfnames
 *(.debug_sfnames)

.debug_aranges
 *(.debug_aranges)

.debug_pubnames
 *(.debug_pubnames)

.debug_info
 *(.debug_info .gnu.linkonce.wi.*)

.debug_abbrev
 *(.debug_abbrev)

.debug_line
 *(.debug_line .debug_line.* .debug_line_end)

.debug_frame
 *(.debug_frame)

.debug_str
 *(.debug_str)

.debug_loc
 *(.debug_loc)

.debug_macinfo
 *(.debug_macinfo)

.debug_weaknames
 *(.debug_weaknames)

.debug_funcnames
 *(.debug_funcnames)

.debug_typenames
 *(.debug_typenames)

.debug_varnames
 *(.debug_varnames)

.debug_pubtypes
 *(.debug_pubtypes)

.debug_ranges
 *(.debug_ranges)

.debug_macro
 *(.debug_macro)

.gnu.attributes
 *(.gnu.attributes)

/DISCARD/
 *(.note.GNU-stack)
 *(.gnu_debuglink)
 *(.gnu.lto_*)
OUTPUT(kernel.bin elf32-i386)
