
Allocating common symbols
Common symbol       size              file

idt_ptr             0x6               kernel/global.o
inode_table         0x1000            kernel/global.o
task_stack          0x38000           kernel/global.o
k_reenter           0x4               kernel/global.o
gdt                 0x400             kernel/global.o
current_console     0x4               kernel/global.o
pcaller             0x4               kernel/global.o
tty_table           0xc6c             kernel/global.o
tss                 0x68              kernel/global.o
fs_msg              0x30              kernel/global.o
f_desc_table        0x300             kernel/global.o
root_inode          0x4               kernel/global.o
disp_pos            0x4               kernel/global.o
key_pressed         0x4               kernel/global.o
gdt_ptr             0x6               kernel/global.o
idt                 0x800             kernel/global.o
super_block         0x220             kernel/global.o
PARTITION_ENTRY     0x10              kernel/hd.o
ticks               0x4               kernel/global.o
console_table       0x3c              kernel/global.o
irq_table           0x40              kernel/global.o
p_proc_ready        0x4               kernel/global.o
proc_table          0xafe             kernel/global.o

Discarded input sections

 .note.GNU-stack
                0x0000000000000000        0x0 kernel/start.o
 .note.GNU-stack
                0x0000000000000000        0x0 kernel/main.o
 .note.GNU-stack
                0x0000000000000000        0x0 kernel/clock.o
 .note.GNU-stack
                0x0000000000000000        0x0 kernel/keyboard.o
 .note.GNU-stack
                0x0000000000000000        0x0 kernel/tty.o
 .note.GNU-stack
                0x0000000000000000        0x0 kernel/console.o
 .note.GNU-stack
                0x0000000000000000        0x0 kernel/i8259.o
 .note.GNU-stack
                0x0000000000000000        0x0 kernel/global.o
 .note.GNU-stack
                0x0000000000000000        0x0 kernel/protect.o
 .note.GNU-stack
                0x0000000000000000        0x0 kernel/proc.o
 .note.GNU-stack
                0x0000000000000000        0x0 kernel/systask.o
 .note.GNU-stack
                0x0000000000000000        0x0 kernel/hd.o
 .note.GNU-stack
                0x0000000000000000        0x0 lib/printf.o
 .note.GNU-stack
                0x0000000000000000        0x0 lib/vsprintf.o
 .note.GNU-stack
                0x0000000000000000        0x0 lib/klib.o
 .note.GNU-stack
                0x0000000000000000        0x0 lib/misc.o
 .note.GNU-stack
                0x0000000000000000        0x0 lib/open.o
 .note.GNU-stack
                0x0000000000000000        0x0 lib/read.o
 .note.GNU-stack
                0x0000000000000000        0x0 lib/write.o
 .note.GNU-stack
                0x0000000000000000        0x0 lib/close.o
 .note.GNU-stack
                0x0000000000000000        0x0 lib/unlink.o
 .note.GNU-stack
                0x0000000000000000        0x0 lib/getpid.o
 .note.GNU-stack
                0x0000000000000000        0x0 lib/syslog.o
 .note.GNU-stack
                0x0000000000000000        0x0 lib/changeType.o
 .note.GNU-stack
                0x0000000000000000        0x0 lib/move.o
 .note.GNU-stack
                0x0000000000000000        0x0 lib/showPro.o
 .note.GNU-stack
                0x0000000000000000        0x0 fs/main.o
 .note.GNU-stack
                0x0000000000000000        0x0 fs/open.o
 .note.GNU-stack
                0x0000000000000000        0x0 fs/misc.o
 .note.GNU-stack
                0x0000000000000000        0x0 fs/read_write.o
 .note.GNU-stack
                0x0000000000000000        0x0 fs/link.o
 .note.GNU-stack
                0x0000000000000000        0x0 fs/disklog.o
 .note.GNU-stack
                0x0000000000000000        0x0 fs/entry.o
 .note.GNU-stack
                0x0000000000000000        0x0 fs/time.o

Memory Configuration

Name             Origin             Length             Attributes
*default*        0x0000000000000000 0xffffffffffffffff

Linker script and memory map

Address of section .text set to 0x1000
LOAD kernel/kernel.o
LOAD lib/syscall.o
LOAD kernel/start.o
LOAD kernel/main.o
LOAD kernel/clock.o
LOAD kernel/keyboard.o
LOAD kernel/tty.o
LOAD kernel/console.o
LOAD kernel/i8259.o
LOAD kernel/global.o
LOAD kernel/protect.o
LOAD kernel/proc.o
LOAD kernel/systask.o
LOAD kernel/hd.o
LOAD lib/printf.o
LOAD lib/vsprintf.o
LOAD lib/kliba.o
LOAD lib/klib.o
LOAD lib/string.o
LOAD lib/misc.o
LOAD lib/open.o
LOAD lib/read.o
LOAD lib/write.o
LOAD lib/close.o
LOAD lib/unlink.o
LOAD lib/getpid.o
LOAD lib/syslog.o
LOAD lib/changeType.o
LOAD lib/move.o
LOAD lib/showPro.o
LOAD fs/main.o
LOAD fs/open.o
LOAD fs/misc.o
LOAD fs/read_write.o
LOAD fs/link.o
LOAD fs/disklog.o
LOAD fs/entry.o
LOAD fs/time.o
                [!provide]                        PROVIDE (__executable_start, 0x8048000)
                0x0000000008048094                . = (0x8048000 + SIZEOF_HEADERS)

.interp
 *(.interp)

.note.gnu.build-id
 *(.note.gnu.build-id)

.hash
 *(.hash)

.gnu.hash
 *(.gnu.hash)

.dynsym
 *(.dynsym)

.dynstr
 *(.dynstr)

.gnu.version
 *(.gnu.version)

.gnu.version_d
 *(.gnu.version_d)

.gnu.version_r
 *(.gnu.version_r)

.rel.dyn        0x0000000008048094        0x0
 *(.rel.init)
 *(.rel.text .rel.text.* .rel.gnu.linkonce.t.*)
 .rel.text      0x0000000008048094        0x0 kernel/kernel.o
 *(.rel.fini)
 *(.rel.rodata .rel.rodata.* .rel.gnu.linkonce.r.*)
 *(.rel.data.rel.ro .rel.data.rel.ro.* .rel.gnu.linkonce.d.rel.ro.*)
 *(.rel.data .rel.data.* .rel.gnu.linkonce.d.*)
 .rel.data      0x0000000008048094        0x0 kernel/kernel.o
 *(.rel.tdata .rel.tdata.* .rel.gnu.linkonce.td.*)
 *(.rel.tbss .rel.tbss.* .rel.gnu.linkonce.tb.*)
 *(.rel.ctors)
 *(.rel.dtors)
 *(.rel.got)
 *(.rel.bss .rel.bss.* .rel.gnu.linkonce.b.*)
 *(.rel.ifunc)

.rel.plt        0x0000000008048094        0x0
 *(.rel.plt)
                [!provide]                        PROVIDE (__rel_iplt_start, .)
 *(.rel.iplt)
 .rel.iplt      0x0000000008048094        0x0 kernel/kernel.o
                [!provide]                        PROVIDE (__rel_iplt_end, .)

.init
 *(SORT(.init))

.plt            0x00000000080480a0        0x0
 *(.plt)
 *(.iplt)
 .iplt          0x00000000080480a0        0x0 kernel/kernel.o

.plt.got
 *(.plt.got)

.text           0x0000000000001000     0xaea3
 *(.text.unlikely .text.*_unlikely .text.unlikely.*)
 *(.text.exit .text.exit.*)
 *(.text.startup .text.startup.*)
 *(.text.hot .text.hot.*)
 *(.text .stub .text.* .gnu.linkonce.t.*)
 .text          0x0000000000001000      0x410 kernel/kernel.o
                0x0000000000001000                _start
                0x0000000000001040                hwint00
                0x0000000000001070                hwint01
                0x00000000000010a0                hwint02
                0x00000000000010d0                hwint03
                0x0000000000001100                hwint04
                0x0000000000001130                hwint05
                0x0000000000001160                hwint06
                0x0000000000001190                hwint07
                0x00000000000011c0                hwint08
                0x00000000000011f0                hwint09
                0x0000000000001220                hwint10
                0x0000000000001250                hwint11
                0x0000000000001280                hwint12
                0x00000000000012b0                hwint13
                0x00000000000012e0                hwint14
                0x0000000000001310                hwint15
                0x0000000000001334                divide_error
                0x000000000000133a                single_step_exception
                0x0000000000001340                nmi
                0x0000000000001346                breakpoint_exception
                0x000000000000134c                overflow
                0x0000000000001352                bounds_check
                0x0000000000001358                inval_opcode
                0x000000000000135e                copr_not_available
                0x0000000000001364                double_fault
                0x0000000000001368                copr_seg_overrun
                0x000000000000136e                inval_tss
                0x0000000000001372                segment_not_present
                0x0000000000001376                stack_exception
                0x000000000000137a                general_protection
                0x000000000000137e                page_fault
                0x0000000000001382                copr_error
                0x00000000000013cb                sys_call
                0x00000000000013eb                restart
 .text          0x0000000000001410       0x28 lib/syscall.o
                0x0000000000001410                sendrec
                0x000000000000142a                printx
 .text          0x0000000000001438       0x95 kernel/start.o
                0x0000000000001438                cstart
 .text          0x00000000000014cd      0x7fb kernel/main.o
                0x00000000000014cd                kernel_main
                0x000000000000174a                get_ticks
                0x000000000000177e                TestA
                0x0000000000001b51                TestB
                0x0000000000001c66                TestC
                0x0000000000001c7f                panic
 .text          0x0000000000001cc8      0x10d kernel/clock.o
                0x0000000000001cc8                clock_handler
                0x0000000000001d43                milli_delay
                0x0000000000001d7d                init_clock
 .text          0x0000000000001dd5      0x6da kernel/keyboard.o
                0x0000000000001dd5                keyboard_handler
                0x0000000000001e3f                init_keyboard
                0x0000000000001eee                keyboard_read
 .text          0x00000000000024af      0x9c0 kernel/tty.o
                0x00000000000024af                task_tty
                0x000000000000265f                in_process
                0x0000000000002b70                sys_printx
                0x0000000000002d0e                dump_tty_buf
 .text          0x0000000000002e6f      0x7d7 kernel/console.o
                0x0000000000002e6f                init_screen
                0x0000000000002fe3                out_char
                0x00000000000032c0                is_current_console
                0x00000000000033b3                select_console
                0x00000000000033f3                scroll_screen
 .text          0x0000000000003646      0x130 kernel/i8259.o
                0x0000000000003646                init_8259A
                0x000000000000371b                spurious_irq
                0x0000000000003752                put_irq_handler
 .text          0x0000000000003776        0x0 kernel/global.o
 .text          0x0000000000003776      0x614 kernel/protect.o
                0x0000000000003776                init_prot
                0x0000000000003b93                seg2phys
                0x0000000000003c4f                exception_handler
 .text          0x0000000000003d8a     0x16d7 kernel/proc.o
                0x0000000000003d8a                schedule
                0x0000000000003e16                sys_sendrec
                0x0000000000003f35                send_recv
                0x0000000000003ff2                ldt_seg_linear
                0x000000000000403c                va2la
                0x000000000000409d                reset_msg
                0x0000000000004e76                inform_int
                0x0000000000004fe6                dump_proc
                0x0000000000005354                dump_msg
 .text          0x0000000000005461       0x82 kernel/systask.o
                0x0000000000005461                task_sys
 .text          0x00000000000054e3      0xe1f kernel/hd.o
                0x00000000000054e3                task_hd
                0x00000000000062d7                hd_handler
 .text          0x0000000000006302       0xad lib/printf.o
                0x0000000000006302                printf
                0x000000000000636d                printl
 .text          0x00000000000063af      0x305 lib/vsprintf.o
                0x000000000000640d                vsprintf
                0x000000000000668e                sprintf
 *fill*         0x00000000000066b4        0xc 
 .text          0x00000000000066c0      0x19a lib/kliba.o
                0x00000000000066c0                disp_str
                0x00000000000066fe                disp_color_str
                0x000000000000673d                out_byte
                0x0000000000006749                in_byte
                0x0000000000006753                port_read
                0x0000000000006766                port_write
                0x0000000000006779                disable_irq
                0x00000000000067ae                enable_irq
                0x00000000000067cd                disable_int
                0x00000000000067cf                enable_int
                0x00000000000067d1                glitter
 .text          0x000000000000685a      0x119 lib/klib.o
                0x000000000000685a                itoa
                0x0000000000006905                disp_int
                0x000000000000692c                delay
 *fill*         0x0000000000006973        0xd 
 .text          0x0000000000006980       0x78 lib/string.o
                0x0000000000006980                memcpy
                0x00000000000069a9                memset
                0x00000000000069ca                strcpy
                0x00000000000069e2                strlen
 .text          0x00000000000069f8      0x19c lib/misc.o
                0x00000000000069f8                memcmp
                0x0000000000006a6e                strcmp
                0x0000000000006ae1                strcat
                0x0000000000006b40                spin
                0x0000000000006b5b                assertion_failure
 .text          0x0000000000006b94       0x63 lib/open.o
                0x0000000000006b94                open
 .text          0x0000000000006bf7       0x37 lib/read.o
                0x0000000000006bf7                read
 .text          0x0000000000006c2e       0x37 lib/write.o
                0x0000000000006c2e                write
 .text          0x0000000000006c65       0x2b lib/close.o
                0x0000000000006c65                close
 .text          0x0000000000006c90       0x3c lib/unlink.o
                0x0000000000006c90                unlink
 .text          0x0000000000006ccc       0x46 lib/getpid.o
                0x0000000000006ccc                getpid
 .text          0x0000000000006d12       0xd1 lib/syslog.o
                0x0000000000006d12                syslog
 .text          0x0000000000006de3       0x31 lib/changeType.o
                0x0000000000006de3                changeType
 .text          0x0000000000006e14       0x31 lib/move.o
                0x0000000000006e14                move
 .text          0x0000000000006e45       0x2b lib/showPro.o
                0x0000000000006e45                showPro
 .text          0x0000000000006e70      0xde8 fs/main.o
                0x0000000000006e70                task_fs
                0x0000000000007730                rw_sector
                0x000000000000792a                get_super_block
                0x0000000000007970                get_inode
                0x0000000000007af7                put_inode
                0x0000000000007b35                sync_inode
 .text          0x0000000000007c58      0xb55 fs/open.o
                0x0000000000007c58                do_open
                0x00000000000080e4                do_close
                0x0000000000008140                do_lseek
 .text          0x00000000000087ad      0x411 fs/misc.o
                0x00000000000087ad                search_file
                0x0000000000008910                strip_path
                0x0000000000008ac3                search_inode
 .text          0x0000000000008bbe      0x4dd fs/read_write.o
                0x0000000000008bbe                do_rdwt
 .text          0x000000000000909b      0x867 fs/link.o
                0x000000000000909b                do_unlink
 .text          0x0000000000009902     0x1442 fs/disklog.o
                0x0000000000009902                do_disklog
                0x000000000000999d                disklog
                0x0000000000009e78                dump_fd_graph
 .text          0x000000000000ad44      0xa91 fs/entry.o
                0x000000000000ad44                do_move
                0x000000000000af12                do_changeType
                0x000000000000b145                move_relat
                0x000000000000b19b                delete_relat
                0x000000000000b301                make_relat
                0x000000000000b465                check_relat
                0x000000000000b5fa                check_child
                0x000000000000b726                check_path
 .text          0x000000000000b7d5      0x6ce fs/time.o
                0x000000000000b7d5                do_showPro
                0x000000000000bc29                get_time
 *(.gnu.warning)

.fini
 *(SORT(.fini))
                [!provide]                        PROVIDE (__etext, .)
                [!provide]                        PROVIDE (_etext, .)
                [!provide]                        PROVIDE (etext, .)

.rodata         0x000000000000bec0     0x21fb
 *(.rodata .rodata.* .gnu.linkonce.r.*)
 .rodata        0x000000000000bec0       0x47 kernel/start.o
 *fill*         0x000000000000bf07        0x1 
 .rodata        0x000000000000bf08      0x19c kernel/main.o
 .rodata        0x000000000000c0a4       0x64 kernel/keyboard.o
 .rodata        0x000000000000c108      0x13c kernel/tty.o
 .rodata        0x000000000000c244       0x5b kernel/console.o
 .rodata        0x000000000000c29f       0x11 kernel/i8259.o
 .rodata        0x000000000000c2b0        0x4 kernel/global.o
                0x000000000000c2b0                FSBUF_SIZE
 *fill*         0x000000000000c2b4        0xc 
 .rodata        0x000000000000c2c0      0x540 kernel/protect.o
 .rodata        0x000000000000c800      0x62e kernel/proc.o
 .rodata        0x000000000000ce2e       0x11 kernel/systask.o
 *fill*         0x000000000000ce3f        0x1 
 .rodata        0x000000000000ce40      0x1ba kernel/hd.o
 .rodata        0x000000000000cffa       0x14 lib/printf.o
 *fill*         0x000000000000d00e        0x2 
 .rodata        0x000000000000d010       0x61 lib/misc.o
 .rodata        0x000000000000d071       0x23 lib/open.o
 .rodata        0x000000000000d094       0x25 lib/getpid.o
 .rodata        0x000000000000d0b9       0x32 lib/syslog.o
 *fill*         0x000000000000d0eb        0x1 
 .rodata        0x000000000000d0ec      0x206 fs/main.o
 *fill*         0x000000000000d2f2        0x2 
 .rodata        0x000000000000d2f4      0x138 fs/open.o
 .rodata        0x000000000000d42c      0x164 fs/read_write.o
 .rodata        0x000000000000d590      0x1dd fs/link.o
 *fill*         0x000000000000d76d        0x3 
 .rodata        0x000000000000d770      0x627 fs/disklog.o
 *fill*         0x000000000000dd97        0x1 
 .rodata        0x000000000000dd98      0x155 fs/entry.o
 *fill*         0x000000000000deed        0x3 
 .rodata        0x000000000000def0      0x1cb fs/time.o

.rodata1
 *(.rodata1)

.eh_frame_hdr
 *(.eh_frame_hdr)
 *(.eh_frame_entry .eh_frame_entry.*)

.eh_frame       0x000000000000e0bc     0x117c
 *(.eh_frame)
 .eh_frame      0x000000000000e0bc       0x38 kernel/start.o
 .eh_frame      0x000000000000e0f4       0xbc kernel/main.o
                                         0xd4 (size before relaxing)
 .eh_frame      0x000000000000e1b0       0x60 kernel/clock.o
                                         0x78 (size before relaxing)
 .eh_frame      0x000000000000e210       0xe0 kernel/keyboard.o
                                         0xf8 (size before relaxing)
 .eh_frame      0x000000000000e2f0      0x13c kernel/tty.o
                                        0x154 (size before relaxing)
 .eh_frame      0x000000000000e42c      0x144 kernel/console.o
                                        0x15c (size before relaxing)
 .eh_frame      0x000000000000e570       0x60 kernel/i8259.o
                                         0x78 (size before relaxing)
 .eh_frame      0x000000000000e5d0       0xb0 kernel/protect.o
                                         0xc8 (size before relaxing)
 .eh_frame      0x000000000000e680      0x1d8 kernel/proc.o
                                        0x1f0 (size before relaxing)
 .eh_frame      0x000000000000e858       0x1c kernel/systask.o
                                         0x34 (size before relaxing)
 .eh_frame      0x000000000000e874      0x1f0 kernel/hd.o
                                        0x208 (size before relaxing)
 .eh_frame      0x000000000000ea64       0x40 lib/printf.o
                                         0x58 (size before relaxing)
 .eh_frame      0x000000000000eaa4       0x60 lib/vsprintf.o
                                         0x78 (size before relaxing)
 .eh_frame      0x000000000000eb04       0x60 lib/klib.o
                                         0x78 (size before relaxing)
 .eh_frame      0x000000000000eb64       0x9c lib/misc.o
                                         0xb4 (size before relaxing)
 .eh_frame      0x000000000000ec00       0x20 lib/open.o
                                         0x38 (size before relaxing)
 .eh_frame      0x000000000000ec20       0x20 lib/read.o
                                         0x38 (size before relaxing)
 .eh_frame      0x000000000000ec40       0x20 lib/write.o
                                         0x38 (size before relaxing)
 .eh_frame      0x000000000000ec60       0x20 lib/close.o
                                         0x38 (size before relaxing)
 .eh_frame      0x000000000000ec80       0x20 lib/unlink.o
                                         0x38 (size before relaxing)
 .eh_frame      0x000000000000eca0       0x20 lib/getpid.o
                                         0x38 (size before relaxing)
 .eh_frame      0x000000000000ecc0       0x20 lib/syslog.o
                                         0x38 (size before relaxing)
 .eh_frame      0x000000000000ece0       0x20 lib/changeType.o
                                         0x38 (size before relaxing)
 .eh_frame      0x000000000000ed00       0x20 lib/move.o
                                         0x38 (size before relaxing)
 .eh_frame      0x000000000000ed20       0x20 lib/showPro.o
                                         0x38 (size before relaxing)
 .eh_frame      0x000000000000ed40      0x140 fs/main.o
                                        0x158 (size before relaxing)
 .eh_frame      0x000000000000ee80      0x120 fs/open.o
                                        0x138 (size before relaxing)
 .eh_frame      0x000000000000efa0       0x68 fs/misc.o
                                         0x80 (size before relaxing)
 .eh_frame      0x000000000000f008       0x2c fs/read_write.o
                                         0x44 (size before relaxing)
 .eh_frame      0x000000000000f034       0x2c fs/link.o
                                         0x44 (size before relaxing)
 .eh_frame      0x000000000000f060       0x80 fs/disklog.o
                                         0x98 (size before relaxing)
 .eh_frame      0x000000000000f0e0      0x114 fs/entry.o
                                        0x12c (size before relaxing)
 .eh_frame      0x000000000000f1f4       0x44 fs/time.o
                                         0x5c (size before relaxing)
 *(.eh_frame.*)

.gcc_except_table
 *(.gcc_except_table .gcc_except_table.*)

.gnu_extab
 *(.gnu_extab*)

.exception_ranges
 *(.exception_ranges .exception_ranges*)
                0x0000000000010238                . = DATA_SEGMENT_ALIGN (0x1000, 0x1000)

.eh_frame
 *(.eh_frame)
 *(.eh_frame.*)

.gnu_extab
 *(.gnu_extab)

.gcc_except_table
 *(.gcc_except_table .gcc_except_table.*)

.exception_ranges
 *(.exception_ranges .exception_ranges*)

.tdata
 *(.tdata .tdata.* .gnu.linkonce.td.*)

.tbss
 *(.tbss .tbss.* .gnu.linkonce.tb.*)
 *(.tcommon)

.preinit_array  0x0000000000010238        0x0
                [!provide]                        PROVIDE (__preinit_array_start, .)
 *(.preinit_array)
                [!provide]                        PROVIDE (__preinit_array_end, .)

.init_array     0x0000000000010238        0x0
                [!provide]                        PROVIDE (__init_array_start, .)
 *(SORT(.init_array.*) SORT(.ctors.*))
 *(.init_array EXCLUDE_FILE(*crtend?.o *crtend.o *crtbegin?.o *crtbegin.o) .ctors)
                [!provide]                        PROVIDE (__init_array_end, .)

.fini_array     0x0000000000010238        0x0
                [!provide]                        PROVIDE (__fini_array_start, .)
 *(SORT(.fini_array.*) SORT(.dtors.*))
 *(.fini_array EXCLUDE_FILE(*crtend?.o *crtend.o *crtbegin?.o *crtbegin.o) .dtors)
                [!provide]                        PROVIDE (__fini_array_end, .)

.ctors
 *crtbegin.o(.ctors)
 *crtbegin?.o(.ctors)
 *(EXCLUDE_FILE(*crtend?.o *crtend.o) .ctors)
 *(SORT(.ctors.*))
 *(.ctors)

.dtors
 *crtbegin.o(.dtors)
 *crtbegin?.o(.dtors)
 *(EXCLUDE_FILE(*crtend?.o *crtend.o) .dtors)
 *(SORT(.dtors.*))
 *(.dtors)

.jcr
 *(.jcr)

.data.rel.ro
 *(.data.rel.ro.local* .gnu.linkonce.d.rel.ro.local.*)
 *(.data.rel.ro .data.rel.ro.* .gnu.linkonce.d.rel.ro.*)

.dynamic
 *(.dynamic)

.got
 *(.got)
 *(.igot)
                0x0000000000010238                . = DATA_SEGMENT_RELRO_END (., (SIZEOF (.got.plt) >= 0xc)?0xc:0x0)

.got.plt        0x0000000000010238        0x0
 *(.got.plt)
 *(.igot.plt)
 .igot.plt      0x0000000000010238        0x0 kernel/kernel.o

.data           0x0000000000010240      0x7a0
 *(.data .data.* .gnu.linkonce.d.*)
 .data          0x0000000000010240        0x2 kernel/kernel.o
 .data          0x0000000000010242        0x0 kernel/start.o
 .data          0x0000000000010242        0x0 kernel/main.o
 .data          0x0000000000010242        0x0 kernel/clock.o
 *fill*         0x0000000000010242       0x1e 
 .data          0x0000000000010260      0x600 kernel/keyboard.o
                0x0000000000010260                keymap
 .data          0x0000000000010860       0x22 kernel/tty.o
 .data          0x0000000000010882        0x0 kernel/console.o
 .data          0x0000000000010882        0x0 kernel/i8259.o
 *fill*         0x0000000000010882       0x1e 
 .data          0x00000000000108a0      0x140 kernel/global.o
                0x00000000000108a0                task_table
                0x0000000000010940                user_proc_table
                0x00000000000109b8                sys_call_table
                0x00000000000109c4                dd_map
                0x00000000000109dc                fsbuf
 .data          0x00000000000109e0        0x0 kernel/protect.o
 .data          0x00000000000109e0        0x0 kernel/proc.o
 .data          0x00000000000109e0        0x0 kernel/systask.o
 .data          0x00000000000109e0        0x0 kernel/hd.o
 .data          0x00000000000109e0        0x0 lib/printf.o
 .data          0x00000000000109e0        0x0 lib/vsprintf.o
 .data          0x00000000000109e0        0x0 lib/klib.o
 .data          0x00000000000109e0        0x0 lib/misc.o
 .data          0x00000000000109e0        0x0 lib/open.o
 .data          0x00000000000109e0        0x0 lib/read.o
 .data          0x00000000000109e0        0x0 lib/write.o
 .data          0x00000000000109e0        0x0 lib/close.o
 .data          0x00000000000109e0        0x0 lib/unlink.o
 .data          0x00000000000109e0        0x0 lib/getpid.o
 .data          0x00000000000109e0        0x0 lib/syslog.o
 .data          0x00000000000109e0        0x0 lib/changeType.o
 .data          0x00000000000109e0        0x0 lib/move.o
 .data          0x00000000000109e0        0x0 lib/showPro.o
 .data          0x00000000000109e0        0x0 fs/main.o
 .data          0x00000000000109e0        0x0 fs/open.o
 .data          0x00000000000109e0        0x0 fs/misc.o
 .data          0x00000000000109e0        0x0 fs/read_write.o
 .data          0x00000000000109e0        0x0 fs/link.o
 .data          0x00000000000109e0        0x0 fs/disklog.o
 .data          0x00000000000109e0        0x0 fs/entry.o
 .data          0x00000000000109e0        0x0 fs/time.o

.data1
 *(.data1)
                0x00000000000109e0                _edata = .
                [!provide]                        PROVIDE (edata, .)
                0x00000000000109e0                . = .
                0x00000000000109e0                __bss_start = .

.bss            0x00000000000109e0    0x3cb90
 *(.dynbss)
 *(.bss .bss.* .gnu.linkonce.b.*)
 .bss           0x00000000000109e0      0x800 kernel/kernel.o
 .bss           0x00000000000111e0        0x0 kernel/start.o
 .bss           0x00000000000111e0        0x0 kernel/main.o
 .bss           0x00000000000111e0        0x0 kernel/clock.o
 .bss           0x00000000000111e0       0x58 kernel/keyboard.o
 .bss           0x0000000000011238        0x0 kernel/tty.o
 .bss           0x0000000000011238        0x0 kernel/console.o
 .bss           0x0000000000011238        0x0 kernel/i8259.o
 .bss           0x0000000000011238        0x0 kernel/global.o
 .bss           0x0000000000011238        0x0 kernel/protect.o
 .bss           0x0000000000011238        0x0 kernel/proc.o
 .bss           0x0000000000011238        0x0 kernel/systask.o
 *fill*         0x0000000000011238        0x8 
 .bss           0x0000000000011240      0x64c kernel/hd.o
 .bss           0x000000000001188c        0x0 lib/printf.o
 .bss           0x000000000001188c        0x0 lib/vsprintf.o
 .bss           0x000000000001188c        0x0 lib/klib.o
 .bss           0x000000000001188c        0x0 lib/misc.o
 .bss           0x000000000001188c        0x0 lib/open.o
 .bss           0x000000000001188c        0x0 lib/read.o
 .bss           0x000000000001188c        0x0 lib/write.o
 .bss           0x000000000001188c        0x0 lib/close.o
 .bss           0x000000000001188c        0x0 lib/unlink.o
 .bss           0x000000000001188c        0x0 lib/getpid.o
 .bss           0x000000000001188c        0x0 lib/syslog.o
 .bss           0x000000000001188c        0x0 lib/changeType.o
 .bss           0x000000000001188c        0x0 lib/move.o
 .bss           0x000000000001188c        0x0 lib/showPro.o
 .bss           0x000000000001188c        0x0 fs/main.o
 .bss           0x000000000001188c        0x0 fs/open.o
 .bss           0x000000000001188c        0x0 fs/misc.o
 .bss           0x000000000001188c        0x0 fs/read_write.o
 .bss           0x000000000001188c        0x0 fs/link.o
 *fill*         0x000000000001188c       0x14 
 .bss           0x00000000000118a0      0x208 fs/disklog.o
 .bss           0x0000000000011aa8        0x0 fs/entry.o
 .bss           0x0000000000011aa8        0x0 fs/time.o
 *(COMMON)
 *fill*         0x0000000000011aa8       0x18 
 COMMON         0x0000000000011ac0    0x3ba9e kernel/global.o
                0x0000000000011ac0                idt_ptr
                0x0000000000011ae0                inode_table
                0x0000000000012ae0                task_stack
                0x000000000004aae0                k_reenter
                0x000000000004ab00                gdt
                0x000000000004af00                current_console
                0x000000000004af04                pcaller
                0x000000000004af20                tty_table
                0x000000000004bba0                tss
                0x000000000004bc20                fs_msg
                0x000000000004bc60                f_desc_table
                0x000000000004bf60                root_inode
                0x000000000004bf64                disp_pos
                0x000000000004bf68                key_pressed
                0x000000000004bf6c                gdt_ptr
                0x000000000004bf80                idt
                0x000000000004c780                super_block
                0x000000000004c9a0                ticks
                0x000000000004c9c0                console_table
                0x000000000004ca00                irq_table
                0x000000000004ca40                p_proc_ready
                0x000000000004ca60                proc_table
 *fill*         0x000000000004d55e        0x2 
 COMMON         0x000000000004d560       0x10 kernel/hd.o
                0x000000000004d560                PARTITION_ENTRY
                0x000000000004d570                . = ALIGN ((. != 0x0)?0x4:0x1)
                0x000000000004d570                . = ALIGN (0x4)
                0x000000000004d570                . = SEGMENT_START ("ldata-segment", .)
                0x000000000004d570                . = ALIGN (0x4)
                0x000000000004d570                _end = .
                [!provide]                        PROVIDE (end, .)
                0x000000000004d570                . = DATA_SEGMENT_END (.)

.stab
 *(.stab)

.stabstr
 *(.stabstr)

.stab.excl
 *(.stab.excl)

.stab.exclstr
 *(.stab.exclstr)

.stab.index
 *(.stab.index)

.stab.indexstr
 *(.stab.indexstr)

.comment        0x0000000000000000       0x34
 *(.comment)
 .comment       0x0000000000000000       0x34 kernel/start.o
                                         0x35 (size before relaxing)
 .comment       0x0000000000000034       0x35 kernel/main.o
 .comment       0x0000000000000034       0x35 kernel/clock.o
 .comment       0x0000000000000034       0x35 kernel/keyboard.o
 .comment       0x0000000000000034       0x35 kernel/tty.o
 .comment       0x0000000000000034       0x35 kernel/console.o
 .comment       0x0000000000000034       0x35 kernel/i8259.o
 .comment       0x0000000000000034       0x35 kernel/global.o
 .comment       0x0000000000000034       0x35 kernel/protect.o
 .comment       0x0000000000000034       0x35 kernel/proc.o
 .comment       0x0000000000000034       0x35 kernel/systask.o
 .comment       0x0000000000000034       0x35 kernel/hd.o
 .comment       0x0000000000000034       0x35 lib/printf.o
 .comment       0x0000000000000034       0x35 lib/vsprintf.o
 .comment       0x0000000000000034       0x35 lib/klib.o
 .comment       0x0000000000000034       0x35 lib/misc.o
 .comment       0x0000000000000034       0x35 lib/open.o
 .comment       0x0000000000000034       0x35 lib/read.o
 .comment       0x0000000000000034       0x35 lib/write.o
 .comment       0x0000000000000034       0x35 lib/close.o
 .comment       0x0000000000000034       0x35 lib/unlink.o
 .comment       0x0000000000000034       0x35 lib/getpid.o
 .comment       0x0000000000000034       0x35 lib/syslog.o
 .comment       0x0000000000000034       0x35 lib/changeType.o
 .comment       0x0000000000000034       0x35 lib/move.o
 .comment       0x0000000000000034       0x35 lib/showPro.o
 .comment       0x0000000000000034       0x35 fs/main.o
 .comment       0x0000000000000034       0x35 fs/open.o
 .comment       0x0000000000000034       0x35 fs/misc.o
 .comment       0x0000000000000034       0x35 fs/read_write.o
 .comment       0x0000000000000034       0x35 fs/link.o
 .comment       0x0000000000000034       0x35 fs/disklog.o
 .comment       0x0000000000000034       0x35 fs/entry.o
 .comment       0x0000000000000034       0x35 fs/time.o

.debug
 *(.debug)

.line
 *(.line)

.debug_srcinfo
 *(.debug_srcinfo)

.debug_sfnames
 *(.debug_sfnames)

.debug_aranges
 *(.debug_aranges)

.debug_pubnames
 *(.debug_pubnames)

.debug_info
 *(.debug_info .gnu.linkonce.wi.*)

.debug_abbrev
 *(.debug_abbrev)

.debug_line
 *(.debug_line .debug_line.* .debug_line_end)

.debug_frame
 *(.debug_frame)

.debug_str
 *(.debug_str)

.debug_loc
 *(.debug_loc)

.debug_macinfo
 *(.debug_macinfo)

.debug_weaknames
 *(.debug_weaknames)

.debug_funcnames
 *(.debug_funcnames)

.debug_typenames
 *(.debug_typenames)

.debug_varnames
 *(.debug_varnames)

.debug_pubtypes
 *(.debug_pubtypes)

.debug_ranges
 *(.debug_ranges)

.debug_macro
 *(.debug_macro)

.gnu.attributes
 *(.gnu.attributes)

/DISCARD/
 *(.note.GNU-stack)
 *(.gnu_debuglink)
 *(.gnu.lto_*)
OUTPUT(kernel.bin elf32-i386)
