
Allocating common symbols
Common symbol       size              file

idt_ptr             0x6               kernel/global.o
inode_table         0x1000            kernel/global.o
task_stack          0x38000           kernel/global.o
k_reenter           0x4               kernel/global.o
gdt                 0x400             kernel/global.o
current_console     0x4               kernel/global.o
pcaller             0x4               kernel/global.o
tty_table           0xc6c             kernel/global.o
tss                 0x68              kernel/global.o
fs_msg              0x30              kernel/global.o
f_desc_table        0x300             kernel/global.o
root_inode          0x4               kernel/global.o
disp_pos            0x4               kernel/global.o
key_pressed         0x4               kernel/global.o
gdt_ptr             0x6               kernel/global.o
idt                 0x800             kernel/global.o
super_block         0x220             kernel/global.o
PARTITION_ENTRY     0x10              kernel/hd.o
ticks               0x4               kernel/global.o
console_table       0x3c              kernel/global.o
irq_table           0x40              kernel/global.o
p_proc_ready        0x4               kernel/global.o
proc_table          0xafe             kernel/global.o

Discarded input sections

 .note.GNU-stack
                0x0000000000000000        0x0 kernel/start.o
 .note.GNU-stack
                0x0000000000000000        0x0 kernel/main.o
 .note.GNU-stack
                0x0000000000000000        0x0 kernel/clock.o
 .note.GNU-stack
                0x0000000000000000        0x0 kernel/keyboard.o
 .note.GNU-stack
                0x0000000000000000        0x0 kernel/tty.o
 .note.GNU-stack
                0x0000000000000000        0x0 kernel/console.o
 .note.GNU-stack
                0x0000000000000000        0x0 kernel/i8259.o
 .note.GNU-stack
                0x0000000000000000        0x0 kernel/global.o
 .note.GNU-stack
                0x0000000000000000        0x0 kernel/protect.o
 .note.GNU-stack
                0x0000000000000000        0x0 kernel/proc.o
 .note.GNU-stack
                0x0000000000000000        0x0 kernel/systask.o
 .note.GNU-stack
                0x0000000000000000        0x0 kernel/hd.o
 .note.GNU-stack
                0x0000000000000000        0x0 lib/printf.o
 .note.GNU-stack
                0x0000000000000000        0x0 lib/vsprintf.o
 .note.GNU-stack
                0x0000000000000000        0x0 lib/klib.o
 .note.GNU-stack
                0x0000000000000000        0x0 lib/misc.o
 .note.GNU-stack
                0x0000000000000000        0x0 lib/open.o
 .note.GNU-stack
                0x0000000000000000        0x0 lib/read.o
 .note.GNU-stack
                0x0000000000000000        0x0 lib/write.o
 .note.GNU-stack
                0x0000000000000000        0x0 lib/close.o
 .note.GNU-stack
                0x0000000000000000        0x0 lib/unlink.o
 .note.GNU-stack
                0x0000000000000000        0x0 lib/getpid.o
 .note.GNU-stack
                0x0000000000000000        0x0 lib/syslog.o
 .note.GNU-stack
                0x0000000000000000        0x0 lib/changeType.o
 .note.GNU-stack
                0x0000000000000000        0x0 lib/move.o
 .note.GNU-stack
                0x0000000000000000        0x0 lib/showPro.o
 .note.GNU-stack
                0x0000000000000000        0x0 lib/fs_check.o
 .note.GNU-stack
                0x0000000000000000        0x0 fs/main.o
 .note.GNU-stack
                0x0000000000000000        0x0 fs/open.o
 .note.GNU-stack
                0x0000000000000000        0x0 fs/misc.o
 .note.GNU-stack
                0x0000000000000000        0x0 fs/read_write.o
 .note.GNU-stack
                0x0000000000000000        0x0 fs/link.o
 .note.GNU-stack
                0x0000000000000000        0x0 fs/disklog.o
 .note.GNU-stack
                0x0000000000000000        0x0 fs/entry.o
 .note.GNU-stack
                0x0000000000000000        0x0 fs/time.o
 .note.GNU-stack
                0x0000000000000000        0x0 fs/check.o

Memory Configuration

Name             Origin             Length             Attributes
*default*        0x0000000000000000 0xffffffffffffffff

Linker script and memory map

Address of section .text set to 0x1000
LOAD kernel/kernel.o
LOAD lib/syscall.o
LOAD kernel/start.o
LOAD kernel/main.o
LOAD kernel/clock.o
LOAD kernel/keyboard.o
LOAD kernel/tty.o
LOAD kernel/console.o
LOAD kernel/i8259.o
LOAD kernel/global.o
LOAD kernel/protect.o
LOAD kernel/proc.o
LOAD kernel/systask.o
LOAD kernel/hd.o
LOAD lib/printf.o
LOAD lib/vsprintf.o
LOAD lib/kliba.o
LOAD lib/klib.o
LOAD lib/string.o
LOAD lib/misc.o
LOAD lib/open.o
LOAD lib/read.o
LOAD lib/write.o
LOAD lib/close.o
LOAD lib/unlink.o
LOAD lib/getpid.o
LOAD lib/syslog.o
LOAD lib/changeType.o
LOAD lib/move.o
LOAD lib/showPro.o
LOAD lib/fs_check.o
LOAD fs/main.o
LOAD fs/open.o
LOAD fs/misc.o
LOAD fs/read_write.o
LOAD fs/link.o
LOAD fs/disklog.o
LOAD fs/entry.o
LOAD fs/time.o
LOAD fs/check.o
                [!provide]                        PROVIDE (__executable_start, 0x8048000)
                0x0000000008048094                . = (0x8048000 + SIZEOF_HEADERS)

.interp
 *(.interp)

.note.gnu.build-id
 *(.note.gnu.build-id)

.hash
 *(.hash)

.gnu.hash
 *(.gnu.hash)

.dynsym
 *(.dynsym)

.dynstr
 *(.dynstr)

.gnu.version
 *(.gnu.version)

.gnu.version_d
 *(.gnu.version_d)

.gnu.version_r
 *(.gnu.version_r)

.rel.dyn        0x0000000008048094        0x0
 *(.rel.init)
 *(.rel.text .rel.text.* .rel.gnu.linkonce.t.*)
 .rel.text      0x0000000008048094        0x0 kernel/kernel.o
 *(.rel.fini)
 *(.rel.rodata .rel.rodata.* .rel.gnu.linkonce.r.*)
 *(.rel.data.rel.ro .rel.data.rel.ro.* .rel.gnu.linkonce.d.rel.ro.*)
 *(.rel.data .rel.data.* .rel.gnu.linkonce.d.*)
 .rel.data      0x0000000008048094        0x0 kernel/kernel.o
 *(.rel.tdata .rel.tdata.* .rel.gnu.linkonce.td.*)
 *(.rel.tbss .rel.tbss.* .rel.gnu.linkonce.tb.*)
 *(.rel.ctors)
 *(.rel.dtors)
 *(.rel.got)
 *(.rel.bss .rel.bss.* .rel.gnu.linkonce.b.*)
 *(.rel.ifunc)

.rel.plt        0x0000000008048094        0x0
 *(.rel.plt)
                [!provide]                        PROVIDE (__rel_iplt_start, .)
 *(.rel.iplt)
 .rel.iplt      0x0000000008048094        0x0 kernel/kernel.o
                [!provide]                        PROVIDE (__rel_iplt_end, .)

.init
 *(SORT(.init))

.plt            0x00000000080480a0        0x0
 *(.plt)
 *(.iplt)
 .iplt          0x00000000080480a0        0x0 kernel/kernel.o

.plt.got
 *(.plt.got)

.text           0x0000000000001000     0xb4d5
 *(.text.unlikely .text.*_unlikely .text.unlikely.*)
 *(.text.exit .text.exit.*)
 *(.text.startup .text.startup.*)
 *(.text.hot .text.hot.*)
 *(.text .stub .text.* .gnu.linkonce.t.*)
 .text          0x0000000000001000      0x410 kernel/kernel.o
                0x0000000000001000                _start
                0x0000000000001040                hwint00
                0x0000000000001070                hwint01
                0x00000000000010a0                hwint02
                0x00000000000010d0                hwint03
                0x0000000000001100                hwint04
                0x0000000000001130                hwint05
                0x0000000000001160                hwint06
                0x0000000000001190                hwint07
                0x00000000000011c0                hwint08
                0x00000000000011f0                hwint09
                0x0000000000001220                hwint10
                0x0000000000001250                hwint11
                0x0000000000001280                hwint12
                0x00000000000012b0                hwint13
                0x00000000000012e0                hwint14
                0x0000000000001310                hwint15
                0x0000000000001334                divide_error
                0x000000000000133a                single_step_exception
                0x0000000000001340                nmi
                0x0000000000001346                breakpoint_exception
                0x000000000000134c                overflow
                0x0000000000001352                bounds_check
                0x0000000000001358                inval_opcode
                0x000000000000135e                copr_not_available
                0x0000000000001364                double_fault
                0x0000000000001368                copr_seg_overrun
                0x000000000000136e                inval_tss
                0x0000000000001372                segment_not_present
                0x0000000000001376                stack_exception
                0x000000000000137a                general_protection
                0x000000000000137e                page_fault
                0x0000000000001382                copr_error
                0x00000000000013cb                sys_call
                0x00000000000013eb                restart
 .text          0x0000000000001410       0x28 lib/syscall.o
                0x0000000000001410                sendrec
                0x000000000000142a                printx
 .text          0x0000000000001438       0x95 kernel/start.o
                0x0000000000001438                cstart
 .text          0x00000000000014cd      0x837 kernel/main.o
                0x00000000000014cd                kernel_main
                0x000000000000174a                get_ticks
                0x000000000000177e                TestA
                0x0000000000001b8d                TestB
                0x0000000000001ca2                TestC
                0x0000000000001cbb                panic
 .text          0x0000000000001d04      0x10d kernel/clock.o
                0x0000000000001d04                clock_handler
                0x0000000000001d7f                milli_delay
                0x0000000000001db9                init_clock
 .text          0x0000000000001e11      0x6da kernel/keyboard.o
                0x0000000000001e11                keyboard_handler
                0x0000000000001e7b                init_keyboard
                0x0000000000001f2a                keyboard_read
 .text          0x00000000000024eb      0x9c0 kernel/tty.o
                0x00000000000024eb                task_tty
                0x000000000000269b                in_process
                0x0000000000002bac                sys_printx
                0x0000000000002d4a                dump_tty_buf
 .text          0x0000000000002eab      0x7d7 kernel/console.o
                0x0000000000002eab                init_screen
                0x000000000000301f                out_char
                0x00000000000032fc                is_current_console
                0x00000000000033ef                select_console
                0x000000000000342f                scroll_screen
 .text          0x0000000000003682      0x130 kernel/i8259.o
                0x0000000000003682                init_8259A
                0x0000000000003757                spurious_irq
                0x000000000000378e                put_irq_handler
 .text          0x00000000000037b2        0x0 kernel/global.o
 .text          0x00000000000037b2      0x614 kernel/protect.o
                0x00000000000037b2                init_prot
                0x0000000000003bcf                seg2phys
                0x0000000000003c8b                exception_handler
 .text          0x0000000000003dc6     0x16d7 kernel/proc.o
                0x0000000000003dc6                schedule
                0x0000000000003e52                sys_sendrec
                0x0000000000003f71                send_recv
                0x000000000000402e                ldt_seg_linear
                0x0000000000004078                va2la
                0x00000000000040d9                reset_msg
                0x0000000000004eb2                inform_int
                0x0000000000005022                dump_proc
                0x0000000000005390                dump_msg
 .text          0x000000000000549d       0x82 kernel/systask.o
                0x000000000000549d                task_sys
 .text          0x000000000000551f      0xe1f kernel/hd.o
                0x000000000000551f                task_hd
                0x0000000000006313                hd_handler
 .text          0x000000000000633e       0xad lib/printf.o
                0x000000000000633e                printf
                0x00000000000063a9                printl
 .text          0x00000000000063eb      0x305 lib/vsprintf.o
                0x0000000000006449                vsprintf
                0x00000000000066ca                sprintf
 .text          0x00000000000066f0      0x19a lib/kliba.o
                0x00000000000066f0                disp_str
                0x000000000000672e                disp_color_str
                0x000000000000676d                out_byte
                0x0000000000006779                in_byte
                0x0000000000006783                port_read
                0x0000000000006796                port_write
                0x00000000000067a9                disable_irq
                0x00000000000067de                enable_irq
                0x00000000000067fd                disable_int
                0x00000000000067ff                enable_int
                0x0000000000006801                glitter
 .text          0x000000000000688a      0x119 lib/klib.o
                0x000000000000688a                itoa
                0x0000000000006935                disp_int
                0x000000000000695c                delay
 *fill*         0x00000000000069a3        0xd 
 .text          0x00000000000069b0       0x78 lib/string.o
                0x00000000000069b0                memcpy
                0x00000000000069d9                memset
                0x00000000000069fa                strcpy
                0x0000000000006a12                strlen
 .text          0x0000000000006a28      0x19c lib/misc.o
                0x0000000000006a28                memcmp
                0x0000000000006a9e                strcmp
                0x0000000000006b11                strcat
                0x0000000000006b70                spin
                0x0000000000006b8b                assertion_failure
 .text          0x0000000000006bc4       0x63 lib/open.o
                0x0000000000006bc4                open
 .text          0x0000000000006c27       0x37 lib/read.o
                0x0000000000006c27                read
 .text          0x0000000000006c5e       0x37 lib/write.o
                0x0000000000006c5e                write
 .text          0x0000000000006c95       0x2b lib/close.o
                0x0000000000006c95                close
 .text          0x0000000000006cc0       0x3c lib/unlink.o
                0x0000000000006cc0                unlink
 .text          0x0000000000006cfc       0x46 lib/getpid.o
                0x0000000000006cfc                getpid
 .text          0x0000000000006d42       0xd1 lib/syslog.o
                0x0000000000006d42                syslog
 .text          0x0000000000006e13       0x31 lib/changeType.o
                0x0000000000006e13                changeType
 .text          0x0000000000006e44       0x31 lib/move.o
                0x0000000000006e44                move
 .text          0x0000000000006e75       0x2b lib/showPro.o
                0x0000000000006e75                showPro
 .text          0x0000000000006ea0       0x2b lib/fs_check.o
                0x0000000000006ea0                fs_check
 .text          0x0000000000006ecb      0xe12 fs/main.o
                0x0000000000006ecb                task_fs
                0x000000000000779d                rw_sector
                0x0000000000007997                get_super_block
                0x00000000000079dd                get_inode
                0x0000000000007b70                put_inode
                0x0000000000007bae                sync_inode
 .text          0x0000000000007cdd      0xc99 fs/open.o
                0x0000000000007cdd                do_open
                0x0000000000008169                do_close
                0x00000000000082e2                do_lseek
 .text          0x0000000000008976      0x411 fs/misc.o
                0x0000000000008976                search_file
                0x0000000000008ad9                strip_path
                0x0000000000008c8c                search_inode
 .text          0x0000000000008d87      0x4dd fs/read_write.o
                0x0000000000008d87                do_rdwt
 .text          0x0000000000009264      0x867 fs/link.o
                0x0000000000009264                do_unlink
 .text          0x0000000000009acb     0x1444 fs/disklog.o
                0x0000000000009acb                do_disklog
                0x0000000000009b66                disklog
                0x000000000000a041                dump_fd_graph
 .text          0x000000000000af0f      0x721 fs/entry.o
                0x000000000000af0f                do_move
                0x000000000000b0dd                do_changeType
                0x000000000000b310                move_relat
                0x000000000000b366                delete_relat
                0x000000000000b4cc                make_relat
 .text          0x000000000000b630      0x8c2 fs/time.o
                0x000000000000b630                do_showPro
                0x000000000000b9db                get_time
 .text          0x000000000000bef2      0x5e3 fs/check.o
                0x000000000000bef2                do_check
                0x000000000000c15f                check_relat
                0x000000000000c2f6                check_child
                0x000000000000c422                check_path
 *(.gnu.warning)

.fini
 *(SORT(.fini))
                [!provide]                        PROVIDE (__etext, .)
                [!provide]                        PROVIDE (_etext, .)
                [!provide]                        PROVIDE (etext, .)

.rodata         0x000000000000c4e0     0x22d7
 *(.rodata .rodata.* .gnu.linkonce.r.*)
 .rodata        0x000000000000c4e0       0x47 kernel/start.o
 *fill*         0x000000000000c527        0x1 
 .rodata        0x000000000000c528      0x1b6 kernel/main.o
 *fill*         0x000000000000c6de        0x2 
 .rodata        0x000000000000c6e0       0x64 kernel/keyboard.o
 .rodata        0x000000000000c744      0x13c kernel/tty.o
 .rodata        0x000000000000c880       0x5b kernel/console.o
 .rodata        0x000000000000c8db       0x11 kernel/i8259.o
 .rodata        0x000000000000c8ec        0x4 kernel/global.o
                0x000000000000c8ec                FSBUF_SIZE
 *fill*         0x000000000000c8f0       0x10 
 .rodata        0x000000000000c900      0x540 kernel/protect.o
 .rodata        0x000000000000ce40      0x62e kernel/proc.o
 .rodata        0x000000000000d46e       0x11 kernel/systask.o
 *fill*         0x000000000000d47f        0x1 
 .rodata        0x000000000000d480      0x1ba kernel/hd.o
 .rodata        0x000000000000d63a       0x14 lib/printf.o
 *fill*         0x000000000000d64e        0x2 
 .rodata        0x000000000000d650       0x61 lib/misc.o
 .rodata        0x000000000000d6b1       0x23 lib/open.o
 .rodata        0x000000000000d6d4       0x25 lib/getpid.o
 .rodata        0x000000000000d6f9       0x32 lib/syslog.o
 *fill*         0x000000000000d72b        0x1 
 .rodata        0x000000000000d72c      0x20a fs/main.o
 *fill*         0x000000000000d936        0x2 
 .rodata        0x000000000000d938      0x14c fs/open.o
 .rodata        0x000000000000da84      0x164 fs/read_write.o
 .rodata        0x000000000000dbe8      0x1dd fs/link.o
 *fill*         0x000000000000ddc5        0x3 
 .rodata        0x000000000000ddc8      0x627 fs/disklog.o
 *fill*         0x000000000000e3ef        0x1 
 .rodata        0x000000000000e3f0      0x155 fs/entry.o
 *fill*         0x000000000000e545        0x3 
 .rodata        0x000000000000e548      0x1cb fs/time.o
 *fill*         0x000000000000e713        0x1 
 .rodata        0x000000000000e714       0xa3 fs/check.o

.rodata1
 *(.rodata1)

.eh_frame_hdr
 *(.eh_frame_hdr)
 *(.eh_frame_entry .eh_frame_entry.*)

.eh_frame       0x000000000000e7b8     0x11e8
 *(.eh_frame)
 .eh_frame      0x000000000000e7b8       0x38 kernel/start.o
 .eh_frame      0x000000000000e7f0       0xbc kernel/main.o
                                         0xd4 (size before relaxing)
 .eh_frame      0x000000000000e8ac       0x60 kernel/clock.o
                                         0x78 (size before relaxing)
 .eh_frame      0x000000000000e90c       0xe0 kernel/keyboard.o
                                         0xf8 (size before relaxing)
 .eh_frame      0x000000000000e9ec      0x13c kernel/tty.o
                                        0x154 (size before relaxing)
 .eh_frame      0x000000000000eb28      0x144 kernel/console.o
                                        0x15c (size before relaxing)
 .eh_frame      0x000000000000ec6c       0x60 kernel/i8259.o
                                         0x78 (size before relaxing)
 .eh_frame      0x000000000000eccc       0xb0 kernel/protect.o
                                         0xc8 (size before relaxing)
 .eh_frame      0x000000000000ed7c      0x1d8 kernel/proc.o
                                        0x1f0 (size before relaxing)
 .eh_frame      0x000000000000ef54       0x1c kernel/systask.o
                                         0x34 (size before relaxing)
 .eh_frame      0x000000000000ef70      0x1f0 kernel/hd.o
                                        0x208 (size before relaxing)
 .eh_frame      0x000000000000f160       0x40 lib/printf.o
                                         0x58 (size before relaxing)
 .eh_frame      0x000000000000f1a0       0x60 lib/vsprintf.o
                                         0x78 (size before relaxing)
 .eh_frame      0x000000000000f200       0x60 lib/klib.o
                                         0x78 (size before relaxing)
 .eh_frame      0x000000000000f260       0x9c lib/misc.o
                                         0xb4 (size before relaxing)
 .eh_frame      0x000000000000f2fc       0x20 lib/open.o
                                         0x38 (size before relaxing)
 .eh_frame      0x000000000000f31c       0x20 lib/read.o
                                         0x38 (size before relaxing)
 .eh_frame      0x000000000000f33c       0x20 lib/write.o
                                         0x38 (size before relaxing)
 .eh_frame      0x000000000000f35c       0x20 lib/close.o
                                         0x38 (size before relaxing)
 .eh_frame      0x000000000000f37c       0x20 lib/unlink.o
                                         0x38 (size before relaxing)
 .eh_frame      0x000000000000f39c       0x20 lib/getpid.o
                                         0x38 (size before relaxing)
 .eh_frame      0x000000000000f3bc       0x20 lib/syslog.o
                                         0x38 (size before relaxing)
 .eh_frame      0x000000000000f3dc       0x20 lib/changeType.o
                                         0x38 (size before relaxing)
 .eh_frame      0x000000000000f3fc       0x20 lib/move.o
                                         0x38 (size before relaxing)
 .eh_frame      0x000000000000f41c       0x20 lib/showPro.o
                                         0x38 (size before relaxing)
 .eh_frame      0x000000000000f43c       0x20 lib/fs_check.o
                                         0x38 (size before relaxing)
 .eh_frame      0x000000000000f45c      0x140 fs/main.o
                                        0x158 (size before relaxing)
 .eh_frame      0x000000000000f59c      0x124 fs/open.o
                                        0x13c (size before relaxing)
 .eh_frame      0x000000000000f6c0       0x68 fs/misc.o
                                         0x80 (size before relaxing)
 .eh_frame      0x000000000000f728       0x2c fs/read_write.o
                                         0x44 (size before relaxing)
 .eh_frame      0x000000000000f754       0x2c fs/link.o
                                         0x44 (size before relaxing)
 .eh_frame      0x000000000000f780       0x80 fs/disklog.o
                                         0x98 (size before relaxing)
 .eh_frame      0x000000000000f800       0xac fs/entry.o
                                         0xc4 (size before relaxing)
 .eh_frame      0x000000000000f8ac       0x68 fs/time.o
                                         0x80 (size before relaxing)
 .eh_frame      0x000000000000f914       0x8c fs/check.o
                                         0xa4 (size before relaxing)
 *(.eh_frame.*)

.gcc_except_table
 *(.gcc_except_table .gcc_except_table.*)

.gnu_extab
 *(.gnu_extab*)

.exception_ranges
 *(.exception_ranges .exception_ranges*)
                0x00000000000109a0                . = DATA_SEGMENT_ALIGN (0x1000, 0x1000)

.eh_frame
 *(.eh_frame)
 *(.eh_frame.*)

.gnu_extab
 *(.gnu_extab)

.gcc_except_table
 *(.gcc_except_table .gcc_except_table.*)

.exception_ranges
 *(.exception_ranges .exception_ranges*)

.tdata
 *(.tdata .tdata.* .gnu.linkonce.td.*)

.tbss
 *(.tbss .tbss.* .gnu.linkonce.tb.*)
 *(.tcommon)

.preinit_array  0x00000000000109a0        0x0
                [!provide]                        PROVIDE (__preinit_array_start, .)
 *(.preinit_array)
                [!provide]                        PROVIDE (__preinit_array_end, .)

.init_array     0x00000000000109a0        0x0
                [!provide]                        PROVIDE (__init_array_start, .)
 *(SORT(.init_array.*) SORT(.ctors.*))
 *(.init_array EXCLUDE_FILE(*crtend?.o *crtend.o *crtbegin?.o *crtbegin.o) .ctors)
                [!provide]                        PROVIDE (__init_array_end, .)

.fini_array     0x00000000000109a0        0x0
                [!provide]                        PROVIDE (__fini_array_start, .)
 *(SORT(.fini_array.*) SORT(.dtors.*))
 *(.fini_array EXCLUDE_FILE(*crtend?.o *crtend.o *crtbegin?.o *crtbegin.o) .dtors)
                [!provide]                        PROVIDE (__fini_array_end, .)

.ctors
 *crtbegin.o(.ctors)
 *crtbegin?.o(.ctors)
 *(EXCLUDE_FILE(*crtend?.o *crtend.o) .ctors)
 *(SORT(.ctors.*))
 *(.ctors)

.dtors
 *crtbegin.o(.dtors)
 *crtbegin?.o(.dtors)
 *(EXCLUDE_FILE(*crtend?.o *crtend.o) .dtors)
 *(SORT(.dtors.*))
 *(.dtors)

.jcr
 *(.jcr)

.data.rel.ro
 *(.data.rel.ro.local* .gnu.linkonce.d.rel.ro.local.*)
 *(.data.rel.ro .data.rel.ro.* .gnu.linkonce.d.rel.ro.*)

.dynamic
 *(.dynamic)

.got
 *(.got)
 *(.igot)
                0x00000000000109a0                . = DATA_SEGMENT_RELRO_END (., (SIZEOF (.got.plt) >= 0xc)?0xc:0x0)

.got.plt        0x00000000000109a0        0x0
 *(.got.plt)
 *(.igot.plt)
 .igot.plt      0x00000000000109a0        0x0 kernel/kernel.o

.data           0x00000000000109a0      0x7a0
 *(.data .data.* .gnu.linkonce.d.*)
 .data          0x00000000000109a0        0x2 kernel/kernel.o
 .data          0x00000000000109a2        0x0 kernel/start.o
 .data          0x00000000000109a2        0x0 kernel/main.o
 .data          0x00000000000109a2        0x0 kernel/clock.o
 *fill*         0x00000000000109a2       0x1e 
 .data          0x00000000000109c0      0x600 kernel/keyboard.o
                0x00000000000109c0                keymap
 .data          0x0000000000010fc0       0x22 kernel/tty.o
 .data          0x0000000000010fe2        0x0 kernel/console.o
 .data          0x0000000000010fe2        0x0 kernel/i8259.o
 *fill*         0x0000000000010fe2       0x1e 
 .data          0x0000000000011000      0x140 kernel/global.o
                0x0000000000011000                task_table
                0x00000000000110a0                user_proc_table
                0x0000000000011118                sys_call_table
                0x0000000000011124                dd_map
                0x000000000001113c                fsbuf
 .data          0x0000000000011140        0x0 kernel/protect.o
 .data          0x0000000000011140        0x0 kernel/proc.o
 .data          0x0000000000011140        0x0 kernel/systask.o
 .data          0x0000000000011140        0x0 kernel/hd.o
 .data          0x0000000000011140        0x0 lib/printf.o
 .data          0x0000000000011140        0x0 lib/vsprintf.o
 .data          0x0000000000011140        0x0 lib/klib.o
 .data          0x0000000000011140        0x0 lib/misc.o
 .data          0x0000000000011140        0x0 lib/open.o
 .data          0x0000000000011140        0x0 lib/read.o
 .data          0x0000000000011140        0x0 lib/write.o
 .data          0x0000000000011140        0x0 lib/close.o
 .data          0x0000000000011140        0x0 lib/unlink.o
 .data          0x0000000000011140        0x0 lib/getpid.o
 .data          0x0000000000011140        0x0 lib/syslog.o
 .data          0x0000000000011140        0x0 lib/changeType.o
 .data          0x0000000000011140        0x0 lib/move.o
 .data          0x0000000000011140        0x0 lib/showPro.o
 .data          0x0000000000011140        0x0 lib/fs_check.o
 .data          0x0000000000011140        0x0 fs/main.o
 .data          0x0000000000011140        0x0 fs/open.o
 .data          0x0000000000011140        0x0 fs/misc.o
 .data          0x0000000000011140        0x0 fs/read_write.o
 .data          0x0000000000011140        0x0 fs/link.o
 .data          0x0000000000011140        0x0 fs/disklog.o
 .data          0x0000000000011140        0x0 fs/entry.o
 .data          0x0000000000011140        0x0 fs/time.o
 .data          0x0000000000011140        0x0 fs/check.o

.data1
 *(.data1)
                0x0000000000011140                _edata = .
                [!provide]                        PROVIDE (edata, .)
                0x0000000000011140                . = .
                0x0000000000011140                __bss_start = .

.bss            0x0000000000011140    0x3cb90
 *(.dynbss)
 *(.bss .bss.* .gnu.linkonce.b.*)
 .bss           0x0000000000011140      0x800 kernel/kernel.o
 .bss           0x0000000000011940        0x0 kernel/start.o
 .bss           0x0000000000011940        0x0 kernel/main.o
 .bss           0x0000000000011940        0x0 kernel/clock.o
 .bss           0x0000000000011940       0x58 kernel/keyboard.o
 .bss           0x0000000000011998        0x0 kernel/tty.o
 .bss           0x0000000000011998        0x0 kernel/console.o
 .bss           0x0000000000011998        0x0 kernel/i8259.o
 .bss           0x0000000000011998        0x0 kernel/global.o
 .bss           0x0000000000011998        0x0 kernel/protect.o
 .bss           0x0000000000011998        0x0 kernel/proc.o
 .bss           0x0000000000011998        0x0 kernel/systask.o
 *fill*         0x0000000000011998        0x8 
 .bss           0x00000000000119a0      0x64c kernel/hd.o
 .bss           0x0000000000011fec        0x0 lib/printf.o
 .bss           0x0000000000011fec        0x0 lib/vsprintf.o
 .bss           0x0000000000011fec        0x0 lib/klib.o
 .bss           0x0000000000011fec        0x0 lib/misc.o
 .bss           0x0000000000011fec        0x0 lib/open.o
 .bss           0x0000000000011fec        0x0 lib/read.o
 .bss           0x0000000000011fec        0x0 lib/write.o
 .bss           0x0000000000011fec        0x0 lib/close.o
 .bss           0x0000000000011fec        0x0 lib/unlink.o
 .bss           0x0000000000011fec        0x0 lib/getpid.o
 .bss           0x0000000000011fec        0x0 lib/syslog.o
 .bss           0x0000000000011fec        0x0 lib/changeType.o
 .bss           0x0000000000011fec        0x0 lib/move.o
 .bss           0x0000000000011fec        0x0 lib/showPro.o
 .bss           0x0000000000011fec        0x0 lib/fs_check.o
 .bss           0x0000000000011fec        0x0 fs/main.o
 .bss           0x0000000000011fec        0x0 fs/open.o
 .bss           0x0000000000011fec        0x0 fs/misc.o
 .bss           0x0000000000011fec        0x0 fs/read_write.o
 .bss           0x0000000000011fec        0x0 fs/link.o
 *fill*         0x0000000000011fec       0x14 
 .bss           0x0000000000012000      0x208 fs/disklog.o
 .bss           0x0000000000012208        0x0 fs/entry.o
 .bss           0x0000000000012208        0x0 fs/time.o
 .bss           0x0000000000012208        0x0 fs/check.o
 *(COMMON)
 *fill*         0x0000000000012208       0x18 
 COMMON         0x0000000000012220    0x3ba9e kernel/global.o
                0x0000000000012220                idt_ptr
                0x0000000000012240                inode_table
                0x0000000000013240                task_stack
                0x000000000004b240                k_reenter
                0x000000000004b260                gdt
                0x000000000004b660                current_console
                0x000000000004b664                pcaller
                0x000000000004b680                tty_table
                0x000000000004c300                tss
                0x000000000004c380                fs_msg
                0x000000000004c3c0                f_desc_table
                0x000000000004c6c0                root_inode
                0x000000000004c6c4                disp_pos
                0x000000000004c6c8                key_pressed
                0x000000000004c6cc                gdt_ptr
                0x000000000004c6e0                idt
                0x000000000004cee0                super_block
                0x000000000004d100                ticks
                0x000000000004d120                console_table
                0x000000000004d160                irq_table
                0x000000000004d1a0                p_proc_ready
                0x000000000004d1c0                proc_table
 *fill*         0x000000000004dcbe        0x2 
 COMMON         0x000000000004dcc0       0x10 kernel/hd.o
                0x000000000004dcc0                PARTITION_ENTRY
                0x000000000004dcd0                . = ALIGN ((. != 0x0)?0x4:0x1)
                0x000000000004dcd0                . = ALIGN (0x4)
                0x000000000004dcd0                . = SEGMENT_START ("ldata-segment", .)
                0x000000000004dcd0                . = ALIGN (0x4)
                0x000000000004dcd0                _end = .
                [!provide]                        PROVIDE (end, .)
                0x000000000004dcd0                . = DATA_SEGMENT_END (.)

.stab
 *(.stab)

.stabstr
 *(.stabstr)

.stab.excl
 *(.stab.excl)

.stab.exclstr
 *(.stab.exclstr)

.stab.index
 *(.stab.index)

.stab.indexstr
 *(.stab.indexstr)

.comment        0x0000000000000000       0x34
 *(.comment)
 .comment       0x0000000000000000       0x34 kernel/start.o
                                         0x35 (size before relaxing)
 .comment       0x0000000000000034       0x35 kernel/main.o
 .comment       0x0000000000000034       0x35 kernel/clock.o
 .comment       0x0000000000000034       0x35 kernel/keyboard.o
 .comment       0x0000000000000034       0x35 kernel/tty.o
 .comment       0x0000000000000034       0x35 kernel/console.o
 .comment       0x0000000000000034       0x35 kernel/i8259.o
 .comment       0x0000000000000034       0x35 kernel/global.o
 .comment       0x0000000000000034       0x35 kernel/protect.o
 .comment       0x0000000000000034       0x35 kernel/proc.o
 .comment       0x0000000000000034       0x35 kernel/systask.o
 .comment       0x0000000000000034       0x35 kernel/hd.o
 .comment       0x0000000000000034       0x35 lib/printf.o
 .comment       0x0000000000000034       0x35 lib/vsprintf.o
 .comment       0x0000000000000034       0x35 lib/klib.o
 .comment       0x0000000000000034       0x35 lib/misc.o
 .comment       0x0000000000000034       0x35 lib/open.o
 .comment       0x0000000000000034       0x35 lib/read.o
 .comment       0x0000000000000034       0x35 lib/write.o
 .comment       0x0000000000000034       0x35 lib/close.o
 .comment       0x0000000000000034       0x35 lib/unlink.o
 .comment       0x0000000000000034       0x35 lib/getpid.o
 .comment       0x0000000000000034       0x35 lib/syslog.o
 .comment       0x0000000000000034       0x35 lib/changeType.o
 .comment       0x0000000000000034       0x35 lib/move.o
 .comment       0x0000000000000034       0x35 lib/showPro.o
 .comment       0x0000000000000034       0x35 lib/fs_check.o
 .comment       0x0000000000000034       0x35 fs/main.o
 .comment       0x0000000000000034       0x35 fs/open.o
 .comment       0x0000000000000034       0x35 fs/misc.o
 .comment       0x0000000000000034       0x35 fs/read_write.o
 .comment       0x0000000000000034       0x35 fs/link.o
 .comment       0x0000000000000034       0x35 fs/disklog.o
 .comment       0x0000000000000034       0x35 fs/entry.o
 .comment       0x0000000000000034       0x35 fs/time.o
 .comment       0x0000000000000034       0x35 fs/check.o

.debug
 *(.debug)

.line
 *(.line)

.debug_srcinfo
 *(.debug_srcinfo)

.debug_sfnames
 *(.debug_sfnames)

.debug_aranges
 *(.debug_aranges)

.debug_pubnames
 *(.debug_pubnames)

.debug_info
 *(.debug_info .gnu.linkonce.wi.*)

.debug_abbrev
 *(.debug_abbrev)

.debug_line
 *(.debug_line .debug_line.* .debug_line_end)

.debug_frame
 *(.debug_frame)

.debug_str
 *(.debug_str)

.debug_loc
 *(.debug_loc)

.debug_macinfo
 *(.debug_macinfo)

.debug_weaknames
 *(.debug_weaknames)

.debug_funcnames
 *(.debug_funcnames)

.debug_typenames
 *(.debug_typenames)

.debug_varnames
 *(.debug_varnames)

.debug_pubtypes
 *(.debug_pubtypes)

.debug_ranges
 *(.debug_ranges)

.debug_macro
 *(.debug_macro)

.gnu.attributes
 *(.gnu.attributes)

/DISCARD/
 *(.note.GNU-stack)
 *(.gnu_debuglink)
 *(.gnu.lto_*)
OUTPUT(kernel.bin elf32-i386)
